Archive member included because of file (symbol)

c:/program files (x86)/atmel/atmel toolchain/avr32 gcc/native/3.4.1067/avr32-gnu-toolchain/bin/../lib/gcc/avr32/4.4.7/ucr2\libgcc.a(_avr32_f32_div.o)
                              src/main.o (__avr32_f32_div)
c:/program files (x86)/atmel/atmel toolchain/avr32 gcc/native/3.4.1067/avr32-gnu-toolchain/bin/../lib/gcc/avr32/4.4.7/ucr2\libgcc.a(_avr32_f32_mul.o)
                              src/main.o (__avr32_f32_mul)
c:/program files (x86)/atmel/atmel toolchain/avr32 gcc/native/3.4.1067/avr32-gnu-toolchain/bin/../lib/gcc/avr32/4.4.7/ucr2\libgcc.a(_avr32_u32_to_f32.o)
                              src/main.o (__avr32_u32_to_f32)
c:/program files (x86)/atmel/atmel toolchain/avr32 gcc/native/3.4.1067/avr32-gnu-toolchain/bin/../lib/gcc/avr32/4.4.7/ucr2\libgcc.a(_avr32_f32_to_u32.o)
                              src/main.o (__avr32_f32_to_u32)
c:/program files (x86)/atmel/atmel toolchain/avr32 gcc/native/3.4.1067/avr32-gnu-toolchain/bin/../lib/gcc/avr32/4.4.7/ucr2\libgcc.a(_udivdi3.o)
                              src/main.o (__avr32_udiv64)
c:/program files (x86)/atmel/atmel toolchain/avr32 gcc/native/3.4.1067/avr32-gnu-toolchain/bin/../lib/gcc/avr32/4.4.7/../../../../avr32/lib/ucr2\libc.a(lib_a-ctype_.o)
                              src/ASF/avr32/services/fs/fat/navigation.o (__ctype_ptr)
c:/program files (x86)/atmel/atmel toolchain/avr32 gcc/native/3.4.1067/avr32-gnu-toolchain/bin/../lib/gcc/avr32/4.4.7/../../../../avr32/lib/ucr2\libc.a(lib_a-impure.o)
                              src/ASF/common/utils/stdio/stdio_usb/stdio_usb.o (_impure_ptr)
c:/program files (x86)/atmel/atmel toolchain/avr32 gcc/native/3.4.1067/avr32-gnu-toolchain/bin/../lib/gcc/avr32/4.4.7/../../../../avr32/lib/ucr2\libc.a(lib_a-memcmp.o)
                              src/ASF/avr32/services/fs/fat/fat_unusual.o (memcmp)
c:/program files (x86)/atmel/atmel toolchain/avr32 gcc/native/3.4.1067/avr32-gnu-toolchain/bin/../lib/gcc/avr32/4.4.7/../../../../avr32/lib/ucr2\libc.a(lib_a-memcpy.o)
                              src/ASF/avr32/components/memory/sd_mmc/sd_mmc_spi/sd_mmc_spi.o (memcpy)
c:/program files (x86)/atmel/atmel toolchain/avr32 gcc/native/3.4.1067/avr32-gnu-toolchain/bin/../lib/gcc/avr32/4.4.7/../../../../avr32/lib/ucr2\libc.a(lib_a-memset.o)
                              src/ASF/avr32/services/fs/fat/fat.o (memset)
c:/program files (x86)/atmel/atmel toolchain/avr32 gcc/native/3.4.1067/avr32-gnu-toolchain/bin/../lib/gcc/avr32/4.4.7/../../../../avr32/lib/ucr2\libc.a(lib_a-printf.o)
                              src/main.o (printf)
c:/program files (x86)/atmel/atmel toolchain/avr32 gcc/native/3.4.1067/avr32-gnu-toolchain/bin/../lib/gcc/avr32/4.4.7/../../../../avr32/lib/ucr2\libc.a(lib_a-putchar.o)
                              src/main.o (putchar)
c:/program files (x86)/atmel/atmel toolchain/avr32 gcc/native/3.4.1067/avr32-gnu-toolchain/bin/../lib/gcc/avr32/4.4.7/../../../../avr32/lib/ucr2\libc.a(lib_a-puts.o)
                              src/main.o (puts)
c:/program files (x86)/atmel/atmel toolchain/avr32 gcc/native/3.4.1067/avr32-gnu-toolchain/bin/../lib/gcc/avr32/4.4.7/../../../../avr32/lib/ucr2\libc.a(lib_a-setbuf.o)
                              src/ASF/common/utils/stdio/stdio_usb/stdio_usb.o (setbuf)
c:/program files (x86)/atmel/atmel toolchain/avr32 gcc/native/3.4.1067/avr32-gnu-toolchain/bin/../lib/gcc/avr32/4.4.7/../../../../avr32/lib/ucr2\libc.a(lib_a-setvbuf.o)
                              c:/program files (x86)/atmel/atmel toolchain/avr32 gcc/native/3.4.1067/avr32-gnu-toolchain/bin/../lib/gcc/avr32/4.4.7/../../../../avr32/lib/ucr2\libc.a(lib_a-setbuf.o) (setvbuf)
c:/program files (x86)/atmel/atmel toolchain/avr32 gcc/native/3.4.1067/avr32-gnu-toolchain/bin/../lib/gcc/avr32/4.4.7/../../../../avr32/lib/ucr2\libc.a(lib_a-sprintf.o)
                              src/main.o (sprintf)
c:/program files (x86)/atmel/atmel toolchain/avr32 gcc/native/3.4.1067/avr32-gnu-toolchain/bin/../lib/gcc/avr32/4.4.7/../../../../avr32/lib/ucr2\libc.a(lib_a-strcmp.o)
                              src/main.o (strcmp)
c:/program files (x86)/atmel/atmel toolchain/avr32 gcc/native/3.4.1067/avr32-gnu-toolchain/bin/../lib/gcc/avr32/4.4.7/../../../../avr32/lib/ucr2\libc.a(lib_a-strlen.o)
                              src/main.o (strlen)
c:/program files (x86)/atmel/atmel toolchain/avr32 gcc/native/3.4.1067/avr32-gnu-toolchain/bin/../lib/gcc/avr32/4.4.7/../../../../avr32/lib/ucr2\libc.a(lib_a-vfprintf.o)
                              c:/program files (x86)/atmel/atmel toolchain/avr32 gcc/native/3.4.1067/avr32-gnu-toolchain/bin/../lib/gcc/avr32/4.4.7/../../../../avr32/lib/ucr2\libc.a(lib_a-printf.o) (_vfprintf_r)
c:/program files (x86)/atmel/atmel toolchain/avr32 gcc/native/3.4.1067/avr32-gnu-toolchain/bin/../lib/gcc/avr32/4.4.7/../../../../avr32/lib/ucr2\libc.a(lib_a-wsetup.o)
[...]
Memory Configuration

Name             Origin             Length             Attributes
FLASH            0x80000000         0x00080000         axrl !w
INTRAM           0x00000004         0x0000fffc         axw !rl
USERPAGE         0x80800000         0x00000200
*default*        0x00000000         0xffffffff

Linker script and memory map

                0x00001000                _stack_size = 0x1000
LOAD src/ASF/avr32/components/memory/sd_mmc/sd_mmc_spi/sd_mmc_spi.o
LOAD src/ASF/avr32/drivers/adc/adc.o
LOAD src/ASF/avr32/drivers/spi/spi.o
LOAD src/ASF/avr32/drivers/tc/tc.o
LOAD src/ASF/avr32/services/fs/fat/fat.o
LOAD src/ASF/common/services/storage/ctrl_access/ctrl_access.o
LOAD src/ASF/avr32/services/fs/fat/fat_unusual.o
LOAD src/ASF/avr32/services/fs/fat/file.o
LOAD src/ASF/avr32/services/fs/fat/navigation.o
LOAD src/ASF/avr32/components/memory/sd_mmc/sd_mmc_spi/sd_mmc_spi_mem.o
LOAD src/ASF/avr32/boards/evk1100/init.o
LOAD src/ASF/avr32/boards/evk1100/led.o
LOAD src/ASF/avr32/drivers/flashc/flashc.o
LOAD src/ASF/avr32/drivers/gpio/gpio.o
LOAD src/ASF/avr32/drivers/intc/exception.o
LOAD src/ASF/avr32/drivers/intc/intc.o
LOAD src/ASF/avr32/drivers/pm/pm.o
LOAD src/ASF/avr32/drivers/pm/pm_conf_clocks.o
LOAD src/ASF/avr32/drivers/pm/power_clocks_lib.o
LOAD src/ASF/avr32/drivers/usbb/usbb_device.o
LOAD src/ASF/avr32/utils/startup/startup_uc3.o
LOAD src/ASF/avr32/utils/startup/trampoline_uc3.o
LOAD src/ASF/common/services/clock/uc3a0_a1/sysclk.o
LOAD src/ASF/common/services/sleepmgr/uc3/sleepmgr.o
LOAD src/ASF/common/services/usb/class/cdc/device/udi_cdc.o
LOAD src/ASF/common/services/usb/class/cdc/device/udi_cdc_desc.o
LOAD src/ASF/common/services/usb/udc/udc.o
LOAD src/ASF/common/utils/stdio/read.o
LOAD src/ASF/common/utils/stdio/stdio_usb/stdio_usb.o
LOAD src/ASF/common/utils/stdio/write.o
LOAD src/main.o
START GROUP
LOAD c:/program files (x86)/atmel/atmel toolchain/avr32 gcc/native/3.4.1067/avr32-gnu-toolchain/bin/../lib/gcc/avr32/4.4.7/../../../../avr32/lib/ucr2\libm.a
END GROUP
LOAD c:/program files (x86)/atmel/atmel toolchain/avr32 gcc/native/3.4.1067/avr32-gnu-toolchain/bin/../lib/gcc/avr32/4.4.7/ucr2\libgcc.a
LOAD c:/program files (x86)/atmel/atmel toolchain/avr32 gcc/native/3.4.1067/avr32-gnu-toolchain/bin/../lib/gcc/avr32/4.4.7/../../../../avr32/lib/ucr2\libc.a
LOAD c:/program files (x86)/atmel/atmel toolchain/avr32 gcc/native/3.4.1067/avr32-gnu-toolchain/bin/../lib/gcc/avr32/4.4.7/ucr2\libgcc.a
                0xffffffff                __max_heap_size__ = 0xffffffff
                [0xffffffff]                __heap_size__ = DEFINED (__heap_size__)?__heap_size__:__max_heap_size__
                [0x00001000]                __stack_size__ = DEFINED (__stack_size__)?__stack_size__:0x1000
                0x80000000                PROVIDE (__executable_start, 0x80000000)
                0x80000000                . = 0x80000000

.interp
 *(.interp)

.reset          0x80000000     0x2010
 *(.reset)
 .reset         0x80000000        0x8 src/ASF/avr32/utils/startup/startup_uc3.o
                0x80000000                _start
 .reset         0x80000008     0x2008 src/ASF/avr32/utils/startup/trampoline_uc3.o
                0x80000008                _trampoline

.hash
 *(.hash)

.dynsym
 *(.dynsym)

.dynstr
 *(.dynstr)

.gnu.version
 *(.gnu.version)

.gnu.version_d
 *(.gnu.version_d)

.gnu.version_r
 *(.gnu.version_r)

.rel.init
 *(.rel.init)

.rela.init
 *(.rela.init)

.rel.text
 *(.rel.text .rel.text.* .rel.gnu.linkonce.t.*)

.rela.text
 *(.rela.text .rela.text.* .rela.gnu.linkonce.t.*)

.rel.fini
 *(.rel.fini)

.rela.fini
 *(.rela.fini)

.rel.rodata
 *(.rel.rodata .rel.rodata.* .rel.gnu.linkonce.r.*)

.rela.rodata
 *(.rela.rodata .rela.rodata.* .rela.gnu.linkonce.r.*)

.rel.data.rel.ro
 *(.rel.data.rel.ro*)

.rela.data.rel.ro
 *(.rel.data.rel.ro*)

.rel.data
 *(.rel.data .rel.data.* .rel.gnu.linkonce.d.*)

.rela.data
 *(.rela.data .rela.data.* .rela.gnu.linkonce.d.*)

.rel.tdata
 *(.rel.tdata .rel.tdata.* .rel.gnu.linkonce.td.*)

.rela.tdata
 *(.rela.tdata .rela.tdata.* .rela.gnu.linkonce.td.*)

.rel.tbss
 *(.rel.tbss .rel.tbss.* .rel.gnu.linkonce.tb.*)

.rela.tbss
 *(.rela.tbss .rela.tbss.* .rela.gnu.linkonce.tb.*)

.rel.ctors
 *(.rel.ctors)

.rela.ctors
 *(.rela.ctors)

.rel.dtors
 *(.rel.dtors)

.rela.dtors
 *(.rela.dtors)

.rel.got
 *(.rel.got)

.rela.got       0x80002010        0x0
 *(.rela.got)
 .rela.got      0x80002010        0x0 src/ASF/common/services/storage/ctrl_access/ctrl_access.o

.rel.bss
 *(.rel.bss .rel.bss.* .rel.gnu.linkonce.b.*)

.rela.bss
 *(.rela.bss .rela.bss.* .rela.gnu.linkonce.b.*)

.rel.plt
 *(.rel.plt)

.rela.plt
 *(.rela.plt)

.init
 *(.init)

.plt
 *(.plt)

.text           0x80002010    0x1129c
 *(.text .stub .text.* .gnu.linkonce.t.*)
 .text.sd_mmc_spi_internal_init
                0x80002010      0x30c src/ASF/avr32/components/memory/sd_mmc/sd_mmc_spi/sd_mmc_spi.o
                0x80002010                sd_mmc_spi_internal_init
 .text.sd_mmc_spi_init
                0x8000231c       0x40 src/ASF/avr32/components/memory/sd_mmc/sd_mmc_spi/sd_mmc_spi.o
                0x8000231c                sd_mmc_spi_init
 .text.sd_mmc_spi_send_command
                0x8000235c       0x58 src/ASF/avr32/components/memory/sd_mmc/sd_mmc_spi/sd_mmc_spi.o
                0x8000235c                sd_mmc_spi_send_command
 .text.sd_mmc_spi_command
                0x800023b4      0x110 src/ASF/avr32/components/memory/sd_mmc/sd_mmc_spi/sd_mmc_spi.o
                0x800023b4                sd_mmc_spi_command
 .text.sd_mmc_spi_send_and_read
                0x800024c4       0x4c src/ASF/avr32/components/memory/sd_mmc/sd_mmc_spi/sd_mmc_spi.o
                0x800024c4                sd_mmc_spi_send_and_read
 .text.sd_mmc_spi_get_if
                0x80002510       0xe0 src/ASF/avr32/components/memory/sd_mmc/sd_mmc_spi/sd_mmc_spi.o
                0x80002510                sd_mmc_spi_get_if
 .text.sd_mmc_spi_check_hc
                0x800025f0       0xbc src/ASF/avr32/components/memory/sd_mmc/sd_mmc_spi/sd_mmc_spi.o
                0x800025f0                sd_mmc_spi_check_hc
 .text.sd_mmc_spi_get_csd
                0x800026ac      0x144 src/ASF/avr32/components/memory/sd_mmc/sd_mmc_spi/sd_mmc_spi.o
                0x800026ac                sd_mmc_spi_get_csd
 .text.sd_mmc_spi_get_capacity
                0x800027f0      0x1f0 src/ASF/avr32/components/memory/sd_mmc/sd_mmc_spi/sd_mmc_spi.o
                0x800027f0                sd_mmc_spi_get_capacity
 .text.sd_mmc_spi_wait_not_busy
                0x800029e0       0x7c src/ASF/avr32/components/memory/sd_mmc/sd_mmc_spi/sd_mmc_spi.o
                0x800029e0                sd_mmc_spi_wait_not_busy
 .text.sd_mmc_spi_check_presence
                0x80002a5c       0x9c src/ASF/avr32/components/memory/sd_mmc/sd_mmc_spi/sd_mmc_spi.o
                0x80002a5c                sd_mmc_spi_check_presence
 .text.sd_mmc_spi_mem_check
                0x80002af8       0x3c src/ASF/avr32/components/memory/sd_mmc/sd_mmc_spi/sd_mmc_spi.o
                0x80002af8                sd_mmc_spi_mem_check
 .text.sd_mmc_spi_read_open
                0x80002b34       0x30 src/ASF/avr32/components/memory/sd_mmc/sd_mmc_spi/sd_mmc_spi.o
                0x80002b34                sd_mmc_spi_read_open
 .text.sd_mmc_spi_read_close
                0x80002b64       0x24 src/ASF/avr32/components/memory/sd_mmc/sd_mmc_spi/sd_mmc_spi.o
                0x80002b64                sd_mmc_spi_read_close
 .text.sd_mmc_spi_write_open
                0x80002b88       0x30 src/ASF/avr32/components/memory/sd_mmc/sd_mmc_spi/sd_mmc_spi.o
                0x80002b88                sd_mmc_spi_write_open
 .text.sd_mmc_spi_write_close
                0x80002bb8        0xa src/ASF/avr32/components/memory/sd_mmc/sd_mmc_spi/sd_mmc_spi.o
                0x80002bb8                sd_mmc_spi_write_close
 *fill*         0x80002bc2        0x2 d703d703
 .text.sd_mmc_spi_read_sector_to_ram
                0x80002bc4      0x1b4 src/ASF/avr32/components/memory/sd_mmc/sd_mmc_spi/sd_mmc_spi.o
                0x80002bc4                sd_mmc_spi_read_sector_to_ram
 .text.sd_mmc_spi_write_sector_from_ram
                0x80002d78      0x1b4 src/ASF/avr32/components/memory/sd_mmc/sd_mmc_spi/sd_mmc_spi.o
                0x80002d78                sd_mmc_spi_write_sector_from_ram
 .text.adc_configure
                0x80002f2c       0x36 src/ASF/avr32/drivers/adc/adc.o
                0x80002f2c                adc_configure
 .text.adc_start
                0x80002f62       0x1a src/ASF/avr32/drivers/adc/adc.o
                0x80002f62                adc_start
 .text.adc_enable
                0x80002f7c       0x2a src/ASF/avr32/drivers/adc/adc.o
                0x80002f7c                adc_enable
 .text.adc_check_eoc
                0x80002fa6       0x32 src/ASF/avr32/drivers/adc/adc.o
                0x80002fa6                adc_check_eoc
 .text.adc_get_value
                0x80002fd8       0x4c src/ASF/avr32/drivers/adc/adc.o
                0x80002fd8                adc_get_value
 .text.getBaudDiv
                0x80003024       0x50 src/ASF/avr32/drivers/spi/spi.o
                0x80003024                getBaudDiv
 .text.spi_initMaster
                0x80003074       0x94 src/ASF/avr32/drivers/spi/spi.o
                0x80003074                spi_initMaster
 .text.spi_selectionMode
                0x80003108       0x94 src/ASF/avr32/drivers/spi/spi.o
                0x80003108                spi_selectionMode
 .text.spi_selectChip
                0x8000319c       0x98 src/ASF/avr32/drivers/spi/spi.o
                0x8000319c                spi_selectChip
 .text.spi_unselectChip
                0x80003234       0x6a src/ASF/avr32/drivers/spi/spi.o
                0x80003234                spi_unselectChip
 *fill*         0x8000329e        0x2 d703d703
 .text.spi_setupChipReg
                0x800032a0      0x184 src/ASF/avr32/drivers/spi/spi.o
                0x800032a0                spi_setupChipReg
 .text.spi_enable
                0x80003424       0x1a src/ASF/avr32/drivers/spi/spi.o
                0x80003424                spi_enable
 .text.spi_write
                0x8000343e       0x58 src/ASF/avr32/drivers/spi/spi.o
                0x8000343e                spi_write
 .text.spi_read
                0x80003496       0x5e src/ASF/avr32/drivers/spi/spi.o
                0x80003496                spi_read
 .text.cpu_irq_is_enabled_flags
                0x800034f4       0x20 src/ASF/avr32/drivers/tc/tc.o
 .text.tc_configure_interrupts
                0x80003514      0x1e8 src/ASF/avr32/drivers/tc/tc.o
                0x80003514                tc_configure_interrupts
 .text.tc_init_waveform
                0x800036fc      0x154 src/ASF/avr32/drivers/tc/tc.o
                0x800036fc                tc_init_waveform
 .text.tc_start
                0x80003850       0x3a src/ASF/avr32/drivers/tc/tc.o
                0x80003850                tc_start
 .text.tc_read_sr
                0x8000388a       0x3a src/ASF/avr32/drivers/tc/tc.o
                0x8000388a                tc_read_sr
 .text.tc_write_rc
                0x800038c4       0x78 src/ASF/avr32/drivers/tc/tc.o
                0x800038c4                tc_write_rc
 .text.fat_check_device
                0x8000393c      0x140 src/ASF/avr32/services/fs/fat/fat.o
                0x8000393c                fat_check_device
 .text.fat_check_mount
                0x80003a7c       0x50 src/ASF/avr32/services/fs/fat/fat.o
                0x80003a7c                fat_check_mount
 .text.fat_check_noopen
                0x80003acc       0x50 src/ASF/avr32/services/fs/fat/fat.o
                0x80003acc                fat_check_noopen
 .text.fat_check_open
                0x80003b1c       0x28 src/ASF/avr32/services/fs/fat/fat.o
                0x80003b1c                fat_check_open
 .text.fat_check_select
                0x80003b44       0x2c src/ASF/avr32/services/fs/fat/fat.o
                0x80003b44                fat_check_select
 .text.fat_check_mount_noopen
                0x80003b70       0x2c src/ASF/avr32/services/fs/fat/fat.o
                0x80003b70                fat_check_mount_noopen
 .text.fat_check_mount_select_noopen
                0x80003b9c       0x44 src/ASF/avr32/services/fs/fat/fat.o
                0x80003b9c                fat_check_mount_select_noopen
 .text.fat_check_mount_select_open
                0x80003be0       0x44 src/ASF/avr32/services/fs/fat/fat.o
                0x80003be0                fat_check_mount_select_open
 .text.fat_check_mount_select
                0x80003c24       0x2c src/ASF/avr32/services/fs/fat/fat.o
                0x80003c24                fat_check_mount_select
 .text.fat_check_is_file
                0x80003c50       0x34 src/ASF/avr32/services/fs/fat/fat.o
                0x80003c50                fat_check_is_file
 .text.fat_cluster_list
                0x80003c84      0x4ac src/ASF/avr32/services/fs/fat/fat.o
                0x80003c84                fat_cluster_list
 .text.fat_cluster_val
                0x80004130      0x450 src/ASF/avr32/services/fs/fat/fat.o
                0x80004130                fat_cluster_val
 .text.fat_cluster_readnext
                0x80004580       0xe8 src/ASF/avr32/services/fs/fat/fat.o
                0x80004580                fat_cluster_readnext
 .text.fat_checkcluster
                0x80004668       0xac src/ASF/avr32/services/fs/fat/fat.o
                0x80004668                fat_checkcluster
 .text.fat_cache_clusterlist_reset
                0x80004714       0x90 src/ASF/avr32/services/fs/fat/fat.o
                0x80004714                fat_cache_clusterlist_reset
 .text.fat_cache_clusterlist_update_start
                0x800047a4       0xd4 src/ASF/avr32/services/fs/fat/fat.o
                0x800047a4                fat_cache_clusterlist_update_start
 .text.fat_cache_clusterlist_update_finish
                0x80004878       0xe4 src/ASF/avr32/services/fs/fat/fat.o
                0x80004878                fat_cache_clusterlist_update_finish
 .text.fat_cache_clusterlist_update_select
                0x8000495c       0xec src/ASF/avr32/services/fs/fat/fat.o
                0x8000495c                fat_cache_clusterlist_update_select
 .text.fat_cache_clusterlist_update_read
                0x80004a48      0x278 src/ASF/avr32/services/fs/fat/fat.o
                0x80004a48                fat_cache_clusterlist_update_read
 .text.fat_read_file
                0x80004cc0      0x128 src/ASF/avr32/services/fs/fat/fat.o
                0x80004cc0                fat_read_file
 .text.fat_write_file
                0x80004de8      0x17c src/ASF/avr32/services/fs/fat/fat.o
                0x80004de8                fat_write_file
 .text.fat_read_dir
                0x80004f64       0xb0 src/ASF/avr32/services/fs/fat/fat.o
                0x80004f64                fat_read_dir
 .text.fat_entry_check
                0x80005014       0xcc src/ASF/avr32/services/fs/fat/fat.o
                0x80005014                fat_entry_check
 .text.fat_get_entry_info
                0x800050e0       0xd8 src/ASF/avr32/services/fs/fat/fat.o
                0x800050e0                fat_get_entry_info
 .text.fat_clear_entry_info_and_ptr
                0x800051b8       0x50 src/ASF/avr32/services/fs/fat/fat.o
                0x800051b8                fat_clear_entry_info_and_ptr
 .text.fat_write_entry_file
                0x80005208       0xdc src/ASF/avr32/services/fs/fat/fat.o
                0x80005208                fat_write_entry_file
 .text.fat_entry_shortname
                0x800052e4      0x1e0 src/ASF/avr32/services/fs/fat/fat.o
                0x800052e4                fat_entry_shortname
 .text.fat_entry_longname
                0x800054c4      0x290 src/ASF/avr32/services/fs/fat/fat.o
                0x800054c4                fat_entry_longname
 .text.fat_check_eof_name
                0x80005754       0x42 src/ASF/avr32/services/fs/fat/fat.o
                0x80005754                fat_check_eof_name
 *fill*         0x80005796        0x2 d703d703
 .text.fat_get_ptr_entry
                0x80005798       0x28 src/ASF/avr32/services/fs/fat/fat.o
                0x80005798                fat_get_ptr_entry
 .text.fat_cache_read_sector
                0x800057c0       0xac src/ASF/avr32/services/fs/fat/fat.o
                0x800057c0                fat_cache_read_sector
 .text.fat_cache_reset
                0x8000586c       0x24 src/ASF/avr32/services/fs/fat/fat.o
                0x8000586c                fat_cache_reset
 .text.fat_cache_clear
                0x80005890       0x20 src/ASF/avr32/services/fs/fat/fat.o
                0x80005890                fat_cache_clear
 .text.fat_cache_mark_sector_as_dirty
                0x800058b0       0x18 src/ASF/avr32/services/fs/fat/fat.o
                0x800058b0                fat_cache_mark_sector_as_dirty
 .text.fat_cache_flush
                0x800058c8       0x74 src/ASF/avr32/services/fs/fat/fat.o
                0x800058c8                fat_cache_flush
 .text.fat_check_nav_access_file
                0x8000593c       0xf0 src/ASF/avr32/services/fs/fat/fat.o
                0x8000593c                fat_check_nav_access_file
 .text.fat_invert_nav
                0x80005a2c      0x110 src/ASF/avr32/services/fs/fat/fat.o
                0x80005a2c                fat_invert_nav
 .text          0x80005b3c       0x18 src/ASF/common/services/storage/ctrl_access/ctrl_access.o
 .text.get_nb_lun
                0x80005b54        0xe src/ASF/common/services/storage/ctrl_access/ctrl_access.o
                0x80005b54                get_nb_lun
 *fill*         0x80005b62        0x2 d703d703
 .text.mem_test_unit_ready
                0x80005b64       0x44 src/ASF/common/services/storage/ctrl_access/ctrl_access.o
                0x80005b64                mem_test_unit_ready
 .text.mem_sector_size
                0x80005ba8       0x2a src/ASF/common/services/storage/ctrl_access/ctrl_access.o
                0x80005ba8                mem_sector_size
 *fill*         0x80005bd2        0x2 d703d703
 .text.mem_wr_protect
                0x80005bd4       0x48 src/ASF/common/services/storage/ctrl_access/ctrl_access.o
                0x80005bd4                mem_wr_protect
 .text.memory_2_ram
                0x80005c1c       0x58 src/ASF/common/services/storage/ctrl_access/ctrl_access.o
                0x80005c1c                memory_2_ram
 .text.ram_2_memory
                0x80005c74       0x58 src/ASF/common/services/storage/ctrl_access/ctrl_access.o
                0x80005c74                ram_2_memory
 .text.fat_mount
                0x80005ccc      0x5dc src/ASF/avr32/services/fs/fat/fat_unusual.o
                0x80005ccc                fat_mount
 .text.fat_write_fat32_FSInfo
                0x800062a8       0xdc src/ASF/avr32/services/fs/fat/fat_unusual.o
                0x800062a8                fat_write_fat32_FSInfo
 .text.fat_create_entry_file_name
                0x80006384      0x13c src/ASF/avr32/services/fs/fat/fat_unusual.o
                0x80006384                fat_create_entry_file_name
 .text.fat_create_long_name_entry
                0x800064c0      0x15c src/ASF/avr32/services/fs/fat/fat_unusual.o
                0x800064c0                fat_create_long_name_entry
 .text.fat_create_short_entry_name
                0x8000661c      0x33c src/ASF/avr32/services/fs/fat/fat_unusual.o
                0x8000661c                fat_create_short_entry_name
 .text.fat_find_short_entry_name
                0x80006958       0xbc src/ASF/avr32/services/fs/fat/fat_unusual.o
                0x80006958                fat_find_short_entry_name
 .text.fat_entry_shortname_compare
                0x80006a14       0x84 src/ASF/avr32/services/fs/fat/fat_unusual.o
                0x80006a14                fat_entry_shortname_compare
 .text.fat_check_name
                0x80006a98       0xd4 src/ASF/avr32/services/fs/fat/fat_unusual.o
                0x80006a98                fat_check_name
 .text.fat_translate_char_shortname
                0x80006b6c       0x9c src/ASF/avr32/services/fs/fat/fat_unusual.o
                0x80006b6c                fat_translate_char_shortname
 .text.fat_alloc_entry_free
                0x80006c08      0x150 src/ASF/avr32/services/fs/fat/fat_unusual.o
                0x80006c08                fat_alloc_entry_free
 .text.fat_garbage_collector_entry
                0x80006d58      0x138 src/ASF/avr32/services/fs/fat/fat_unusual.o
                0x80006d58                fat_garbage_collector_entry
 .text.fat_allocfreespace
                0x80006e90      0x1f4 src/ASF/avr32/services/fs/fat/fat_unusual.o
                0x80006e90                fat_allocfreespace
 .text.fat_clear_info_fat_mod
                0x80007084       0x20 src/ASF/avr32/services/fs/fat/fat_unusual.o
                0x80007084                fat_clear_info_fat_mod
 .text.fat_update_fat2
                0x800070a4       0x94 src/ASF/avr32/services/fs/fat/fat_unusual.o
                0x800070a4                fat_update_fat2
 .text.fat_clear_cluster
                0x80007138       0xb4 src/ASF/avr32/services/fs/fat/fat_unusual.o
                0x80007138                fat_clear_cluster
 .text.file_open
                0x800071ec       0xec src/ASF/avr32/services/fs/fat/file.o
                0x800071ec                file_open
 .text.file_write_buf
                0x800072d8      0x260 src/ASF/avr32/services/fs/fat/file.o
                0x800072d8                file_write_buf
 .text.file_putc
                0x80007538       0xa4 src/ASF/avr32/services/fs/fat/file.o
                0x80007538                file_putc
 .text.file_close
                0x800075dc       0x54 src/ASF/avr32/services/fs/fat/file.o
                0x800075dc                file_close
 .text.nav_reset
                0x80007630       0x90 src/ASF/avr32/services/fs/fat/navigation.o
                0x80007630                nav_reset
 .text.nav_select
                0x800076c0       0x68 src/ASF/avr32/services/fs/fat/navigation.o
                0x800076c0                nav_select
 .text.nav_drive_set
                0x80007728       0x78 src/ASF/avr32/services/fs/fat/navigation.o
                0x80007728                nav_drive_set
 .text.nav_partition_mount
                0x800077a0       0x50 src/ASF/avr32/services/fs/fat/navigation.o
                0x800077a0                nav_partition_mount
 .text.nav_filelist_reset
                0x800077f0       0x2c src/ASF/avr32/services/fs/fat/navigation.o
                0x800077f0                nav_filelist_reset
 .text.nav_filelist_set
                0x8000781c      0x218 src/ASF/avr32/services/fs/fat/navigation.o
                0x8000781c                nav_filelist_set
 .text.nav_filelist_findname
                0x80007a34       0x58 src/ASF/avr32/services/fs/fat/navigation.o
                0x80007a34                nav_filelist_findname
 .text.nav_file_name
                0x80007a8c      0x180 src/ASF/avr32/services/fs/fat/navigation.o
                0x80007a8c                nav_file_name
 .text.nav_file_create
                0x80007c0c       0xa4 src/ASF/avr32/services/fs/fat/navigation.o
                0x80007c0c                nav_file_create
 .text.sd_mmc_spi_mem_init
                0x80007cb0       0x14 src/ASF/avr32/components/memory/sd_mmc/sd_mmc_spi/sd_mmc_spi_mem.o
                0x80007cb0                sd_mmc_spi_mem_init
 .text.sd_mmc_spi_test_unit_ready
                0x80007cc4       0x7c src/ASF/avr32/components/memory/sd_mmc/sd_mmc_spi/sd_mmc_spi_mem.o
                0x80007cc4                sd_mmc_spi_test_unit_ready
 .text.sd_mmc_spi_read_capacity
                0x80007d40       0x4c src/ASF/avr32/components/memory/sd_mmc/sd_mmc_spi/sd_mmc_spi_mem.o
                0x80007d40                sd_mmc_spi_read_capacity
 .text.sd_mmc_spi_wr_protect
                0x80007d8c        0xe src/ASF/avr32/components/memory/sd_mmc/sd_mmc_spi/sd_mmc_spi_mem.o
                0x80007d8c                sd_mmc_spi_wr_protect
 .text.sd_mmc_spi_removal
                0x80007d9a        0xe src/ASF/avr32/components/memory/sd_mmc/sd_mmc_spi/sd_mmc_spi_mem.o
                0x80007d9a                sd_mmc_spi_removal
 .text.sd_mmc_spi_mem_2_ram
                0x80007da8       0x98 src/ASF/avr32/components/memory/sd_mmc/sd_mmc_spi/sd_mmc_spi_mem.o
                0x80007da8                sd_mmc_spi_mem_2_ram
 .text.sd_mmc_spi_ram_2_mem
                0x80007e40       0x78 src/ASF/avr32/components/memory/sd_mmc/sd_mmc_spi/sd_mmc_spi_mem.o
                0x80007e40                sd_mmc_spi_ram_2_mem
 .text.board_init
                0x80007eb8       0x88 src/ASF/avr32/boards/evk1100/init.o
                0x80007eb8                board_init
 .text.LED_Off  0x80007f40       0xb8 src/ASF/avr32/boards/evk1100/led.o
                0x80007f40                LED_Off
 .text.LED_Toggle
                0x80007ff8       0xb4 src/ASF/avr32/boards/evk1100/led.o
                0x80007ff8                LED_Toggle
 .text.flashc_set_wait_state
                0x800080ac       0x46 src/ASF/avr32/drivers/flashc/flashc.o
                0x800080ac                flashc_set_wait_state
 *fill*         0x800080f2        0x2 d703d703
 .text.flashc_set_bus_freq
                0x800080f4       0x38 src/ASF/avr32/drivers/flashc/flashc.o
                0x800080f4                flashc_set_bus_freq
 .text.gpio_enable_module
                0x8000812c       0x70 src/ASF/avr32/drivers/gpio/gpio.o
                0x8000812c                gpio_enable_module
 .text.gpio_enable_module_pin
                0x8000819c      0x110 src/ASF/avr32/drivers/gpio/gpio.o
                0x8000819c                gpio_enable_module_pin
 .text.gpio_configure_pin
                0x800082ac      0x1ae src/ASF/avr32/drivers/gpio/gpio.o
                0x800082ac                gpio_configure_pin
 .text._unhandled_interrupt
                0x8000845a        0x8 src/ASF/avr32/drivers/intc/intc.o
 *fill*         0x80008462        0x2 d703d703
 .text._get_interrupt_handler
                0x80008464       0x70 src/ASF/avr32/drivers/intc/intc.o
                0x80008464                _get_interrupt_handler
 .text.INTC_init_evba
                0x800084d4       0x14 src/ASF/avr32/drivers/intc/intc.o
 .text.INTC_init_interrupts
                0x800084e8       0x98 src/ASF/avr32/drivers/intc/intc.o
                0x800084e8                INTC_init_interrupts
 .text.INTC_register_interrupt
                0x80008580       0xd4 src/ASF/avr32/drivers/intc/intc.o
                0x80008580                INTC_register_interrupt
 .text.cpu_irq_save
                0x80008654       0x1e src/ASF/avr32/drivers/usbb/usbb_device.o
 .text.cpu_irq_is_enabled_flags
                0x80008672       0x20 src/ASF/avr32/drivers/usbb/usbb_device.o
 *fill*         0x80008692        0x2 d703d703
 .text.cpu_irq_restore
                0x80008694       0x28 src/ASF/avr32/drivers/usbb/usbb_device.o
 .text.sleepmgr_lock_mode
                0x800086bc       0x58 src/ASF/avr32/drivers/usbb/usbb_device.o
 .text.sleepmgr_unlock_mode
                0x80008714       0x54 src/ASF/avr32/drivers/usbb/usbb_device.o
 .text.udd_sleep_mode
                0x80008768       0x60 src/ASF/avr32/drivers/usbb/usbb_device.o
 .text.udd_interrupt
                0x800087c8      0x1ac src/ASF/avr32/drivers/usbb/usbb_device.o
 .text.udd_enable
                0x80008974      0x120 src/ASF/avr32/drivers/usbb/usbb_device.o
                0x80008974                udd_enable
 .text.udd_attach
                0x80008a94       0xb0 src/ASF/avr32/drivers/usbb/usbb_device.o
                0x80008a94                udd_attach
 .text.udd_detach
                0x80008b44       0x40 src/ASF/avr32/drivers/usbb/usbb_device.o
                0x80008b44                udd_detach
 .text.udd_is_high_speed
                0x80008b84        0xe src/ASF/avr32/drivers/usbb/usbb_device.o
                0x80008b84                udd_is_high_speed
 .text.udd_set_address
                0x80008b92       0x4e src/ASF/avr32/drivers/usbb/usbb_device.o
                0x80008b92                udd_set_address
 .text.udd_getaddress
                0x80008be0       0x18 src/ASF/avr32/drivers/usbb/usbb_device.o
                0x80008be0                udd_getaddress
 .text.udd_get_frame_number
                0x80008bf8       0x1a src/ASF/avr32/drivers/usbb/usbb_device.o
                0x80008bf8                udd_get_frame_number
 .text.udd_get_micro_frame_number
                0x80008c12       0x1a src/ASF/avr32/drivers/usbb/usbb_device.o
                0x80008c12                udd_get_micro_frame_number
 .text.udd_set_setup_payload
                0x80008c2c       0x2c src/ASF/avr32/drivers/usbb/usbb_device.o
                0x80008c2c                udd_set_setup_payload
 .text.udd_ep_alloc
                0x80008c58      0x350 src/ASF/avr32/drivers/usbb/usbb_device.o
                0x80008c58                udd_ep_alloc
 .text.udd_ep_free
                0x80008fa8       0x9c src/ASF/avr32/drivers/usbb/usbb_device.o
                0x80008fa8                udd_ep_free
 .text.udd_ep_is_halted
                0x80009044       0x2e src/ASF/avr32/drivers/usbb/usbb_device.o
                0x80009044                udd_ep_is_halted
 *fill*         0x80009072        0x2 d703d703
 .text.udd_ep_set_halt
                0x80009074      0x114 src/ASF/avr32/drivers/usbb/usbb_device.o
                0x80009074                udd_ep_set_halt
 .text.udd_ep_clear_halt
                0x80009188      0x140 src/ASF/avr32/drivers/usbb/usbb_device.o
                0x80009188                udd_ep_clear_halt
 .text.udd_ep_run
                0x800092c8      0x124 src/ASF/avr32/drivers/usbb/usbb_device.o
                0x800092c8                udd_ep_run
 .text.udd_ep_abort
                0x800093ec       0x9c src/ASF/avr32/drivers/usbb/usbb_device.o
                0x800093ec                udd_ep_abort
 .text.udd_reset_ep_ctrl
                0x80009488       0xe4 src/ASF/avr32/drivers/usbb/usbb_device.o
 .text.udd_ctrl_init
                0x8000956c       0x58 src/ASF/avr32/drivers/usbb/usbb_device.o
 .text.udd_ctrl_setup_received
                0x800095c4      0x164 src/ASF/avr32/drivers/usbb/usbb_device.o
 .text.udd_ctrl_in_sent
                0x80009728      0x1a0 src/ASF/avr32/drivers/usbb/usbb_device.o
 .text.udd_ctrl_out_received
                0x800098c8      0x1f4 src/ASF/avr32/drivers/usbb/usbb_device.o
 .text.udd_ctrl_underflow
                0x80009abc       0x44 src/ASF/avr32/drivers/usbb/usbb_device.o
 .text.udd_ctrl_overflow
                0x80009b00       0x34 src/ASF/avr32/drivers/usbb/usbb_device.o
 .text.udd_ctrl_stall_data
                0x80009b34       0x20 src/ASF/avr32/drivers/usbb/usbb_device.o
 .text.udd_ctrl_send_zlp_in
                0x80009b54       0x54 src/ASF/avr32/drivers/usbb/usbb_device.o
 .text.udd_ctrl_send_zlp_out
                0x80009ba8       0x44 src/ASF/avr32/drivers/usbb/usbb_device.o
 .text.udd_ctrl_endofrequest
                0x80009bec       0x1c src/ASF/avr32/drivers/usbb/usbb_device.o
 .text.udd_ctrl_interrupt
                0x80009c08       0xc8 src/ASF/avr32/drivers/usbb/usbb_device.o
 .text.udd_ep_job_table_reset
                0x80009cd0       0x6c src/ASF/avr32/drivers/usbb/usbb_device.o
 .text.udd_ep_job_table_kill
                0x80009d3c       0x5c src/ASF/avr32/drivers/usbb/usbb_device.o
 .text.udd_ep_abort_job
                0x80009d98       0x4c src/ASF/avr32/drivers/usbb/usbb_device.o
 .text.udd_ep_finish_job
                0x80009de4       0x84 src/ASF/avr32/drivers/usbb/usbb_device.o
 .text.udd_ep_trans_done
                0x80009e68      0x250 src/ASF/avr32/drivers/usbb/usbb_device.o
 .text.udd_ep_interrupt
                0x8000a0b8      0x214 src/ASF/avr32/drivers/usbb/usbb_device.o
 .text._stext   0x8000a2cc       0x44 src/ASF/avr32/utils/startup/startup_uc3.o
                                 0x50 (size before relaxing)
                0x8000a2cc                _stext
 .text.cpu_irq_save
                0x8000a310       0x1e src/ASF/common/services/clock/uc3a0_a1/sysclk.o
 .text.cpu_irq_is_enabled_flags
                0x8000a32e       0x20 src/ASF/common/services/clock/uc3a0_a1/sysclk.o
 *fill*         0x8000a34e        0x2 d703d703
 .text.cpu_irq_restore
                0x8000a350       0x28 src/ASF/common/services/clock/uc3a0_a1/sysclk.o
 .text.osc_enable
                0x8000a378       0x90 src/ASF/common/services/clock/uc3a0_a1/sysclk.o
 .text.osc_is_ready
                0x8000a408       0x46 src/ASF/common/services/clock/uc3a0_a1/sysclk.o
 .text.osc_get_rate
                0x8000a44e       0x36 src/ASF/common/services/clock/uc3a0_a1/sysclk.o
 .text.osc_wait_ready
                0x8000a484       0x2c src/ASF/common/services/clock/uc3a0_a1/sysclk.o
 .text.pll_config_set_option
                0x8000a4b0       0x30 src/ASF/common/services/clock/uc3a0_a1/sysclk.o
 .text.pll_config_init
                0x8000a4e0       0xe0 src/ASF/common/services/clock/uc3a0_a1/sysclk.o
 .text.pll_enable
                0x8000a5c0       0x2c src/ASF/common/services/clock/uc3a0_a1/sysclk.o
 .text.pll_is_locked
                0x8000a5ec       0x2c src/ASF/common/services/clock/uc3a0_a1/sysclk.o
 .text.pll_enable_source
                0x8000a618       0x6c src/ASF/common/services/clock/uc3a0_a1/sysclk.o
 .text.pll_enable_config_defaults
                0x8000a684       0x74 src/ASF/common/services/clock/uc3a0_a1/sysclk.o
 .text.genclk_config_defaults
                0x8000a6f8       0x1e src/ASF/common/services/clock/uc3a0_a1/sysclk.o
 .text.genclk_config_set_source
                0x8000a716       0x36 src/ASF/common/services/clock/uc3a0_a1/sysclk.o
 .text.genclk_config_set_divider
                0x8000a74c       0x5a src/ASF/common/services/clock/uc3a0_a1/sysclk.o
 .text.genclk_enable
                0x8000a7a6       0x2c src/ASF/common/services/clock/uc3a0_a1/sysclk.o
 *fill*         0x8000a7d2        0x2 d703d703
 .text.genclk_enable_source
                0x8000a7d4       0x58 src/ASF/common/services/clock/uc3a0_a1/sysclk.o
 .text.genclk_enable_config
                0x8000a82c       0x70 src/ASF/common/services/clock/uc3a0_a1/sysclk.o
 .text.sysclk_get_main_hz
                0x8000a89c       0x1c src/ASF/common/services/clock/uc3a0_a1/sysclk.o
 .text.sysclk_get_cpu_hz
                0x8000a8b8       0x18 src/ASF/common/services/clock/uc3a0_a1/sysclk.o
 .text.sysclk_enable_hsb_module
                0x8000a8d0       0x20 src/ASF/common/services/clock/uc3a0_a1/sysclk.o
 .text.sysclk_set_prescalers
                0x8000a8f0       0x7e src/ASF/common/services/clock/uc3a0_a1/sysclk.o
 *fill*         0x8000a96e        0x2 d703d703
 .text.sysclk_set_source
                0x8000a970       0x54 src/ASF/common/services/clock/uc3a0_a1/sysclk.o
 .text.sysclk_priv_enable_module
                0x8000a9c4       0x74 src/ASF/common/services/clock/uc3a0_a1/sysclk.o
                0x8000a9c4                sysclk_priv_enable_module
 .text.sysclk_enable_pbb_module
                0x8000aa38       0x5c src/ASF/common/services/clock/uc3a0_a1/sysclk.o
                0x8000aa38                sysclk_enable_pbb_module
 .text.sysclk_enable_usb
                0x8000aa94       0x2c src/ASF/common/services/clock/uc3a0_a1/sysclk.o
                0x8000aa94                sysclk_enable_usb
 .text.sysclk_init
                0x8000aac0       0x40 src/ASF/common/services/clock/uc3a0_a1/sysclk.o
                0x8000aac0                sysclk_init
 .text.cpu_irq_save
                0x8000ab00       0x1e src/ASF/common/services/usb/class/cdc/device/udi_cdc.o
 .text.cpu_irq_is_enabled_flags
                0x8000ab1e       0x20 src/ASF/common/services/usb/class/cdc/device/udi_cdc.o
 *fill*         0x8000ab3e        0x2 d703d703
 .text.cpu_irq_restore
                0x8000ab40       0x28 src/ASF/common/services/usb/class/cdc/device/udi_cdc.o
 .text.udi_cdc_comm_enable
                0x8000ab68      0x1a4 src/ASF/common/services/usb/class/cdc/device/udi_cdc.o
                0x8000ab68                udi_cdc_comm_enable
 .text.udi_cdc_data_enable
                0x8000ad0c      0x128 src/ASF/common/services/usb/class/cdc/device/udi_cdc.o
                0x8000ad0c                udi_cdc_data_enable
 .text.udi_cdc_comm_disable
                0x8000ae34       0x1c src/ASF/common/services/usb/class/cdc/device/udi_cdc.o
                0x8000ae34                udi_cdc_comm_disable
 .text.udi_cdc_data_disable
                0x8000ae50       0x3c src/ASF/common/services/usb/class/cdc/device/udi_cdc.o
                0x8000ae50                udi_cdc_data_disable
 .text.udi_cdc_comm_setup
                0x8000ae8c       0xe8 src/ASF/common/services/usb/class/cdc/device/udi_cdc.o
                0x8000ae8c                udi_cdc_comm_setup
 .text.udi_cdc_data_setup
                0x8000af74        0xe src/ASF/common/services/usb/class/cdc/device/udi_cdc.o
                0x8000af74                udi_cdc_data_setup
 .text.udi_cdc_getsetting
                0x8000af82        0xe src/ASF/common/services/usb/class/cdc/device/udi_cdc.o
                0x8000af82                udi_cdc_getsetting
 .text.udi_cdc_data_sof_notify
                0x8000af90       0x1c src/ASF/common/services/usb/class/cdc/device/udi_cdc.o
                0x8000af90                udi_cdc_data_sof_notify
 .text.udi_cdc_setup_to_port
                0x8000afac       0x34 src/ASF/common/services/usb/class/cdc/device/udi_cdc.o
 .text.udi_cdc_line_coding_received
                0x8000afe0       0x1c src/ASF/common/services/usb/class/cdc/device/udi_cdc.o
 .text.udi_cdc_rx_start
                0x8000affc      0x12c src/ASF/common/services/usb/class/cdc/device/udi_cdc.o
 .text.udi_cdc_data_received
                0x8000b128       0xe0 src/ASF/common/services/usb/class/cdc/device/udi_cdc.o
 .text.udi_cdc_data_sent
                0x8000b208       0x9c src/ASF/common/services/usb/class/cdc/device/udi_cdc.o
 .text.udi_cdc_tx_send
                0x8000b2a4      0x248 src/ASF/common/services/usb/class/cdc/device/udi_cdc.o
 .text.udi_cdc_multi_get_nb_received_data
                0x8000b4ec       0x84 src/ASF/common/services/usb/class/cdc/device/udi_cdc.o
                0x8000b4ec                udi_cdc_multi_get_nb_received_data
 .text.udi_cdc_multi_is_rx_ready
                0x8000b570       0x2c src/ASF/common/services/usb/class/cdc/device/udi_cdc.o
                0x8000b570                udi_cdc_multi_is_rx_ready
 .text.udi_cdc_is_rx_ready
                0x8000b59c       0x18 src/ASF/common/services/usb/class/cdc/device/udi_cdc.o
                0x8000b59c                udi_cdc_is_rx_ready
 .text.udi_cdc_multi_getc
                0x8000b5b4      0x154 src/ASF/common/services/usb/class/cdc/device/udi_cdc.o
                0x8000b5b4                udi_cdc_multi_getc
 .text.udi_cdc_getc
                0x8000b708       0x18 src/ASF/common/services/usb/class/cdc/device/udi_cdc.o
                0x8000b708                udi_cdc_getc
 .text.udi_cdc_multi_read_buf
                0x8000b720      0x198 src/ASF/common/services/usb/class/cdc/device/udi_cdc.o
                0x8000b720                udi_cdc_multi_read_buf
 .text.udi_cdc_read_buf
                0x8000b8b8       0x2c src/ASF/common/services/usb/class/cdc/device/udi_cdc.o
                0x8000b8b8                udi_cdc_read_buf
 .text.udi_cdc_multi_get_free_tx_buffer
                0x8000b8e4       0xdc src/ASF/common/services/usb/class/cdc/device/udi_cdc.o
                0x8000b8e4                udi_cdc_multi_get_free_tx_buffer
 .text.udi_cdc_multi_is_tx_ready
                0x8000b9c0       0x2c src/ASF/common/services/usb/class/cdc/device/udi_cdc.o
                0x8000b9c0                udi_cdc_multi_is_tx_ready
 .text.udi_cdc_multi_putc
                0x8000b9ec      0x12c src/ASF/common/services/usb/class/cdc/device/udi_cdc.o
                0x8000b9ec                udi_cdc_multi_putc
 .text.udi_cdc_putc
                0x8000bb18       0x24 src/ASF/common/services/usb/class/cdc/device/udi_cdc.o
                0x8000bb18                udi_cdc_putc
 .text.udc_get_eof_conf
                0x8000bb3c       0x34 src/ASF/common/services/usb/udc/udc.o
 .text.udc_next_desc_in_iface
                0x8000bb70       0x88 src/ASF/common/services/usb/udc/udc.o
 .text.udc_update_iface_desc
                0x8000bbf8       0xb8 src/ASF/common/services/usb/udc/udc.o
 .text.udc_iface_disable
                0x8000bcb0       0xbc src/ASF/common/services/usb/udc/udc.o
 .text.udc_iface_enable
                0x8000bd6c       0xc8 src/ASF/common/services/usb/udc/udc.o
 .text.udc_start
                0x8000be34       0x14 src/ASF/common/services/usb/udc/udc.o
                0x8000be34                udc_start
 .text.udc_reset
                0x8000be48       0x64 src/ASF/common/services/usb/udc/udc.o
                0x8000be48                udc_reset
 .text.udc_sof_notify
                0x8000beac       0x70 src/ASF/common/services/usb/udc/udc.o
                0x8000beac                udc_sof_notify
 .text.udc_req_std_dev_get_status
                0x8000bf1c       0x34 src/ASF/common/services/usb/udc/udc.o
 .text.udc_req_std_ep_get_status
                0x8000bf50       0x58 src/ASF/common/services/usb/udc/udc.o
 .text.udc_req_std_dev_clear_feature
                0x8000bfa8       0x40 src/ASF/common/services/usb/udc/udc.o
 .text.udc_req_std_ep_clear_feature
                0x8000bfe8       0x3c src/ASF/common/services/usb/udc/udc.o
 .text.udc_req_std_dev_set_feature
                0x8000c024       0x2c src/ASF/common/services/usb/udc/udc.o
 .text.udc_req_std_ep_set_feature
                0x8000c050       0x4c src/ASF/common/services/usb/udc/udc.o
 .text.udc_valid_address
                0x8000c09c       0x24 src/ASF/common/services/usb/udc/udc.o
 .text.udc_req_std_dev_set_address
                0x8000c0c0       0x28 src/ASF/common/services/usb/udc/udc.o
 .text.udc_req_std_dev_get_str_desc
                0x8000c0e8       0xdc src/ASF/common/services/usb/udc/udc.o
 .text.udc_req_std_dev_get_descriptor
                0x8000c1c4      0x11c src/ASF/common/services/usb/udc/udc.o
 .text.udc_req_std_dev_get_configuration
                0x8000c2e0       0x34 src/ASF/common/services/usb/udc/udc.o
 .text.udc_req_std_dev_set_configuration
                0x8000c314       0xd0 src/ASF/common/services/usb/udc/udc.o
 .text.udc_req_std_iface_get_setting
                0x8000c3e4       0xac src/ASF/common/services/usb/udc/udc.o
 .text.udc_req_std_iface_set_setting
                0x8000c490       0x74 src/ASF/common/services/usb/udc/udc.o
 .text.udc_reqstd
                0x8000c504      0x154 src/ASF/common/services/usb/udc/udc.o
 .text.udc_req_iface
                0x8000c658       0xac src/ASF/common/services/usb/udc/udc.o
 .text.udc_req_ep
                0x8000c704       0xa8 src/ASF/common/services/usb/udc/udc.o
 .text.udc_process_setup
                0x8000c7ac       0x98 src/ASF/common/services/usb/udc/udc.o
                0x8000c7ac                udc_process_setup
 .text._read    0x8000c844       0x74 src/ASF/common/utils/stdio/read.o
                0x8000c844                _read
 .text.stdio_usb_putchar
                0x8000c8b8       0x48 src/ASF/common/utils/stdio/stdio_usb/stdio_usb.o
                0x8000c8b8                stdio_usb_putchar
 .text.stdio_usb_getchar
                0x8000c900       0x44 src/ASF/common/utils/stdio/stdio_usb/stdio_usb.o
                0x8000c900                stdio_usb_getchar
 .text.stdio_usb_enable
                0x8000c944       0x18 src/ASF/common/utils/stdio/stdio_usb/stdio_usb.o
                0x8000c944                stdio_usb_enable
 .text.stdio_usb_disable
                0x8000c95c       0x14 src/ASF/common/utils/stdio/stdio_usb/stdio_usb.o
                0x8000c95c                stdio_usb_disable
 .text.stdio_usb_init
                0x8000c970       0x5c src/ASF/common/utils/stdio/stdio_usb/stdio_usb.o
                0x8000c970                stdio_usb_init
 .text._write   0x8000c9cc       0x90 src/ASF/common/utils/stdio/write.o
                0x8000c9cc                _write
 .text          0x8000ca5c      0x1a0 src/main.o
 .text.osc_get_rate
                0x8000cbfc       0x36 src/main.o
 *fill*         0x8000cc32        0x2 d703d703
 .text.sysclk_get_main_hz
                0x8000cc34       0x1c src/main.o
 .text.sysclk_get_cpu_hz
                0x8000cc50       0x18 src/main.o
 .text.sysclk_get_pba_hz
                0x8000cc68       0x18 src/main.o
 .text.adc_init_pot
                0x8000cc80       0x54 src/main.o
 .text.tc_init  0x8000ccd4       0xb0 src/main.o
 .text.sd_mmc_resources_init
                0x8000cd84       0x98 src/main.o
 .text.fat_parse_cmd
                0x8000ce1c       0xd4 src/main.o
 .text.fat_build_cmd
                0x8000cef0       0xdc src/main.o
 .text.tc_irq   0x8000cfcc       0x30 src/main.o
 .text.main     0x8000cffc      0x360 src/main.o
                0x8000cffc                main
 .text          0x8000d35c      0x160 c:/program files (x86)/atmel/atmel toolchain/avr32 gcc/native/3.4.1067/avr32-gnu-toolchain/bin/../lib/gcc/avr32/4.4.7/ucr2\libgcc.a(_avr32_f32_div.o)
                0x8000d35c                __avr32_f32_div
 .text          0x8000d4bc       0xe2 c:/program files (x86)/atmel/atmel toolchain/avr32 gcc/native/3.4.1067/avr32-gnu-toolchain/bin/../lib/gcc/avr32/4.4.7/ucr2\libgcc.a(_avr32_f32_mul.o)
                0x8000d4bc                __avr32_f32_mul
 .text          0x8000d59e       0x70 c:/program files (x86)/atmel/atmel toolchain/avr32 gcc/native/3.4.1067/avr32-gnu-toolchain/bin/../lib/gcc/avr32/4.4.7/ucr2\libgcc.a(_avr32_u32_to_f32.o)
                0x8000d59e                __avr32_u32_to_f32
 .text          0x8000d60e       0x1a c:/program files (x86)/atmel/atmel toolchain/avr32 gcc/native/3.4.1067/avr32-gnu-toolchain/bin/../lib/gcc/avr32/4.4.7/ucr2\libgcc.a(_avr32_f32_to_u32.o)
                0x8000d60e                __avr32_f32_to_u32
 .text          0x8000d628      0x264 c:/program files (x86)/atmel/atmel toolchain/avr32 gcc/native/3.4.1067/avr32-gnu-toolchain/bin/../lib/gcc/avr32/4.4.7/ucr2\libgcc.a(_udivdi3.o)
                0x8000d628                __avr32_udiv64
                0x8000d628                __udivdi3
 .text.memcmp   0x8000d88c       0x26 c:/program files (x86)/atmel/atmel toolchain/avr32 gcc/native/3.4.1067/avr32-gnu-toolchain/bin/../lib/gcc/avr32/4.4.7/../../../../avr32/lib/ucr2\libc.a(lib_a-memcmp.o)
                0x8000d88c                memcmp
 .text          0x8000d8b2      0x148 c:/program files (x86)/atmel/atmel toolchain/avr32 gcc/native/3.4.1067/avr32-gnu-toolchain/bin/../lib/gcc/avr32/4.4.7/../../../../avr32/lib/ucr2\libc.a(lib_a-memcpy.o)
                0x8000d8b2                memcpy
 .text.memset   0x8000d9fa        0xe c:/program files (x86)/atmel/atmel toolchain/avr32 gcc/native/3.4.1067/avr32-gnu-toolchain/bin/../lib/gcc/avr32/4.4.7/../../../../avr32/lib/ucr2\libc.a(lib_a-memset.o)
                0x8000d9fa                memset
 .text.printf   0x8000da08       0x2c c:/program files (x86)/atmel/atmel toolchain/avr32 gcc/native/3.4.1067/avr32-gnu-toolchain/bin/../lib/gcc/avr32/4.4.7/../../../../avr32/lib/ucr2\libc.a(lib_a-printf.o)
                                 0x38 (size before relaxing)
                0x8000da08                printf
 .text.putchar  0x8000da34       0x2c c:/program files (x86)/atmel/atmel toolchain/avr32 gcc/native/3.4.1067/avr32-gnu-toolchain/bin/../lib/gcc/avr32/4.4.7/../../../../avr32/lib/ucr2\libc.a(lib_a-putchar.o)
                                 0x34 (size before relaxing)
                0x8000da34                putchar
 .text._puts_r  0x8000da60       0x50 c:/program files (x86)/atmel/atmel toolchain/avr32 gcc/native/3.4.1067/avr32-gnu-toolchain/bin/../lib/gcc/avr32/4.4.7/../../../../avr32/lib/ucr2\libc.a(lib_a-puts.o)
                                 0x60 (size before relaxing)
                0x8000da60                _puts_r
 .text.puts     0x8000dab0       0x10 c:/program files (x86)/atmel/atmel toolchain/avr32 gcc/native/3.4.1067/avr32-gnu-toolchain/bin/../lib/gcc/avr32/4.4.7/../../../../avr32/lib/ucr2\libc.a(lib_a-puts.o)
                                 0x18 (size before relaxing)
                0x8000dab0                puts
 .text.setbuf   0x8000dac0       0x14 c:/program files (x86)/atmel/atmel toolchain/avr32 gcc/native/3.4.1067/avr32-gnu-toolchain/bin/../lib/gcc/avr32/4.4.7/../../../../avr32/lib/ucr2\libc.a(lib_a-setbuf.o)
                                 0x1c (size before relaxing)
                0x8000dac0                setbuf
 .text.setvbuf  0x8000dad4      0x110 c:/program files (x86)/atmel/atmel toolchain/avr32 gcc/native/3.4.1067/avr32-gnu-toolchain/bin/../lib/gcc/avr32/4.4.7/../../../../avr32/lib/ucr2\libc.a(lib_a-setvbuf.o)
                                0x120 (size before relaxing)
                0x8000dad4                setvbuf
 .text.sprintf  0x8000dbe4       0x3c c:/program files (x86)/atmel/atmel toolchain/avr32 gcc/native/3.4.1067/avr32-gnu-toolchain/bin/../lib/gcc/avr32/4.4.7/../../../../avr32/lib/ucr2\libc.a(lib_a-sprintf.o)
                                 0x40 (size before relaxing)
                0x8000dbe4                sprintf
 .text          0x8000dc20       0xa8 c:/program files (x86)/atmel/atmel toolchain/avr32 gcc/native/3.4.1067/avr32-gnu-toolchain/bin/../lib/gcc/avr32/4.4.7/../../../../avr32/lib/ucr2\libc.a(lib_a-strcmp.o)
                0x8000dc20                strcmp
 .text.strlen   0x8000dcc8       0x16 c:/program files (x86)/atmel/atmel toolchain/avr32 gcc/native/3.4.1067/avr32-gnu-toolchain/bin/../lib/gcc/avr32/4.4.7/../../../../avr32/lib/ucr2\libc.a(lib_a-strlen.o)
                0x8000dcc8                strlen
 *fill*         0x8000dcde        0x2 d703d703
 .text.get_arg  0x8000dce0      0x314 c:/program files (x86)/atmel/atmel toolchain/avr32 gcc/native/3.4.1067/avr32-gnu-toolchain/bin/../lib/gcc/avr32/4.4.7/../../../../avr32/lib/ucr2\libc.a(lib_a-vfprintf.o)
                                0x324 (size before relaxing)
 .text.__sprint_r
                0x8000dff4       0x1c c:/program files (x86)/atmel/atmel toolchain/avr32 gcc/native/3.4.1067/avr32-gnu-toolchain/bin/../lib/gcc/avr32/4.4.7/../../../../avr32/lib/ucr2\libc.a(lib_a-vfprintf.o)
                                 0x20 (size before relaxing)
 .text._vfprintf_r
                0x8000e010     0x1f14 c:/program files (x86)/atmel/atmel toolchain/avr32 gcc/native/3.4.1067/avr32-gnu-toolchain/bin/../lib/gcc/avr32/4.4.7/../../../../avr32/lib/ucr2\libc.a(lib_a-vfprintf.o)
                               0x1f9c (size before relaxing)
                0x8000e010                _vfprintf_r
 .text.__swsetup_r
                0x8000ff24       0xdc c:/program files (x86)/atmel/atmel toolchain/avr32 gcc/native/3.4.1067/avr32-gnu-toolchain/bin/../lib/gcc/avr32/4.4.7/../../../../avr32/lib/ucr2\libc.a(lib_a-wsetup.o)
                                 0xe8 (size before relaxing)
                0x8000ff24                __swsetup_r
 .text.quorem   0x80010000      0x120 c:/program files (x86)/atmel/atmel toolchain/avr32 gcc/native/3.4.1067/avr32-gnu-toolchain/bin/../lib/gcc/avr32/4.4.7/../../../../avr32/lib/ucr2\libc.a(lib_a-dtoa.o)
                                0x124 (size before relaxing)
 .text._dtoa_r  0x80010120      0xbdc c:/program files (x86)/atmel/atmel toolchain/avr32 gcc/native/3.4.1067/avr32-gnu-toolchain/bin/../lib/gcc/avr32/4.4.7/../../../../avr32/lib/ucr2\libc.a(lib_a-dtoa.o)
                                0xc90 (size before relaxing)
                0x80010120                _dtoa_r
 .text._fflush_r
                0x80010cfc      0x10c c:/program files (x86)/atmel/atmel toolchain/avr32 gcc/native/3.4.1067/avr32-gnu-toolchain/bin/../lib/gcc/avr32/4.4.7/../../../../avr32/lib/ucr2\libc.a(lib_a-fflush.o)
                                0x118 (size before relaxing)
                0x80010cfc                _fflush_r
 .text.__sfp_lock_acquire
                0x80010e08        0x2 c:/program files (x86)/atmel/atmel toolchain/avr32 gcc/native/3.4.1067/avr32-gnu-toolchain/bin/../lib/gcc/avr32/4.4.7/../../../../avr32/lib/ucr2\libc.a(lib_a-findfp.o)
                0x80010e08                __sfp_lock_acquire
 .text.__sfp_lock_release
                0x80010e0a        0x2 c:/program files (x86)/atmel/atmel toolchain/avr32 gcc/native/3.4.1067/avr32-gnu-toolchain/bin/../lib/gcc/avr32/4.4.7/../../../../avr32/lib/ucr2\libc.a(lib_a-findfp.o)
                0x80010e0a                __sfp_lock_release
 .text._cleanup_r
                0x80010e0c        0xc c:/program files (x86)/atmel/atmel toolchain/avr32 gcc/native/3.4.1067/avr32-gnu-toolchain/bin/../lib/gcc/avr32/4.4.7/../../../../avr32/lib/ucr2\libc.a(lib_a-findfp.o)
                                 0x14 (size before relaxing)
                0x80010e0c                _cleanup_r
 .text.__sfmoreglue
                0x80010e18       0x28 c:/program files (x86)/atmel/atmel toolchain/avr32 gcc/native/3.4.1067/avr32-gnu-toolchain/bin/../lib/gcc/avr32/4.4.7/../../../../avr32/lib/ucr2\libc.a(lib_a-findfp.o)
                                 0x30 (size before relaxing)
                0x80010e18                __sfmoreglue
 .text.__sfp    0x80010e40       0x6c c:/program files (x86)/atmel/atmel toolchain/avr32 gcc/native/3.4.1067/avr32-gnu-toolchain/bin/../lib/gcc/avr32/4.4.7/../../../../avr32/lib/ucr2\libc.a(lib_a-findfp.o)
                                 0x7c (size before relaxing)
                0x80010e40                __sfp
 .text.__sinit  0x80010eac       0x9c c:/program files (x86)/atmel/atmel toolchain/avr32 gcc/native/3.4.1067/avr32-gnu-toolchain/bin/../lib/gcc/avr32/4.4.7/../../../../avr32/lib/ucr2\libc.a(lib_a-findfp.o)
                                 0xb0 (size before relaxing)
                0x80010eac                __sinit
 .text._malloc_trim_r
                0x80010f48       0x98 c:/program files (x86)/atmel/atmel toolchain/avr32 gcc/native/3.4.1067/avr32-gnu-toolchain/bin/../lib/gcc/avr32/4.4.7/../../../../avr32/lib/ucr2\libc.a(lib_a-freer.o)
                                 0xa8 (size before relaxing)
                0x80010f48                _malloc_trim_r
 .text._free_r  0x80010fe0      0x18c c:/program files (x86)/atmel/atmel toolchain/avr32 gcc/native/3.4.1067/avr32-gnu-toolchain/bin/../lib/gcc/avr32/4.4.7/../../../../avr32/lib/ucr2\libc.a(lib_a-freer.o)
                                0x1a0 (size before relaxing)
                0x80010fe0                _free_r
 .text.__sfvwrite_r
                0x8001116c      0x2a0 c:/program files (x86)/atmel/atmel toolchain/avr32 gcc/native/3.4.1067/avr32-gnu-toolchain/bin/../lib/gcc/avr32/4.4.7/../../../../avr32/lib/ucr2\libc.a(lib_a-fvwrite.o)
                                0x2c4 (size before relaxing)
                0x8001116c                __sfvwrite_r
 .text._fwalk   0x8001140c       0x4c c:/program files (x86)/atmel/atmel toolchain/avr32 gcc/native/3.4.1067/avr32-gnu-toolchain/bin/../lib/gcc/avr32/4.4.7/../../../../avr32/lib/ucr2\libc.a(lib_a-fwalk.o)
                                 0x54 (size before relaxing)
                0x8001140c                _fwalk
 .text._localeconv_r
                0x80011458        0x8 c:/program files (x86)/atmel/atmel toolchain/avr32 gcc/native/3.4.1067/avr32-gnu-toolchain/bin/../lib/gcc/avr32/4.4.7/../../../../avr32/lib/ucr2\libc.a(lib_a-locale.o)
                0x80011458                _localeconv_r
 .text.__smakebuf_r
                0x80011460       0xbc c:/program files (x86)/atmel/atmel toolchain/avr32 gcc/native/3.4.1067/avr32-gnu-toolchain/bin/../lib/gcc/avr32/4.4.7/../../../../avr32/lib/ucr2\libc.a(lib_a-makebuf.o)
                                 0xcc (size before relaxing)
                0x80011460                __smakebuf_r
 .text.malloc   0x8001151c       0x10 c:/program files (x86)/atmel/atmel toolchain/avr32 gcc/native/3.4.1067/avr32-gnu-toolchain/bin/../lib/gcc/avr32/4.4.7/../../../../avr32/lib/ucr2\libc.a(lib_a-malloc.o)
                                 0x18 (size before relaxing)
                0x8001151c                malloc
 .text._malloc_r
                0x8001152c      0x430 c:/program files (x86)/atmel/atmel toolchain/avr32 gcc/native/3.4.1067/avr32-gnu-toolchain/bin/../lib/gcc/avr32/4.4.7/../../../../avr32/lib/ucr2\libc.a(lib_a-mallocr.o)
                                0x450 (size before relaxing)
                0x8001152c                _malloc_r
 .text.memchr   0x8001195c       0x16 c:/program files (x86)/atmel/atmel toolchain/avr32 gcc/native/3.4.1067/avr32-gnu-toolchain/bin/../lib/gcc/avr32/4.4.7/../../../../avr32/lib/ucr2\libc.a(lib_a-memchr.o)
                0x8001195c                memchr
 .text.memmove  0x80011972       0x3e c:/program files (x86)/atmel/atmel toolchain/avr32 gcc/native/3.4.1067/avr32-gnu-toolchain/bin/../lib/gcc/avr32/4.4.7/../../../../avr32/lib/ucr2\libc.a(lib_a-memmove.o)
                0x80011972                memmove
 .text.__malloc_lock
                0x800119b0        0x2 c:/program files (x86)/atmel/atmel toolchain/avr32 gcc/native/3.4.1067/avr32-gnu-toolchain/bin/../lib/gcc/avr32/4.4.7/../../../../avr32/lib/ucr2\libc.a(lib_a-mlock.o)
                0x800119b0                __malloc_lock
 .text.__malloc_unlock
                0x800119b2        0x2 c:/program files (x86)/atmel/atmel toolchain/avr32 gcc/native/3.4.1067/avr32-gnu-toolchain/bin/../lib/gcc/avr32/4.4.7/../../../../avr32/lib/ucr2\libc.a(lib_a-mlock.o)
                0x800119b2                __malloc_unlock
 .text.__hi0bits
                0x800119b4       0x60 c:/program files (x86)/atmel/atmel toolchain/avr32 gcc/native/3.4.1067/avr32-gnu-toolchain/bin/../lib/gcc/avr32/4.4.7/../../../../avr32/lib/ucr2\libc.a(lib_a-mprec.o)
                0x800119b4                __hi0bits
 .text.__lo0bits
                0x80011a14       0x8e c:/program files (x86)/atmel/atmel toolchain/avr32 gcc/native/3.4.1067/avr32-gnu-toolchain/bin/../lib/gcc/avr32/4.4.7/../../../../avr32/lib/ucr2\libc.a(lib_a-mprec.o)
                0x80011a14                __lo0bits
 .text.__mcmp   0x80011aa2       0x32 c:/program files (x86)/atmel/atmel toolchain/avr32 gcc/native/3.4.1067/avr32-gnu-toolchain/bin/../lib/gcc/avr32/4.4.7/../../../../avr32/lib/ucr2\libc.a(lib_a-mprec.o)
                0x80011aa2                __mcmp
 .text._Bfree   0x80011ad4       0x34 c:/program files (x86)/atmel/atmel toolchain/avr32 gcc/native/3.4.1067/avr32-gnu-toolchain/bin/../lib/gcc/avr32/4.4.7/../../../../avr32/lib/ucr2\libc.a(lib_a-mprec.o)
                                 0x38 (size before relaxing)
                0x80011ad4                _Bfree
 .text._Balloc  0x80011b08       0x70 c:/program files (x86)/atmel/atmel toolchain/avr32 gcc/native/3.4.1067/avr32-gnu-toolchain/bin/../lib/gcc/avr32/4.4.7/../../../../avr32/lib/ucr2\libc.a(lib_a-mprec.o)
                                 0x78 (size before relaxing)
                0x80011b08                _Balloc
 .text.__d2b    0x80011b78       0xa0 c:/program files (x86)/atmel/atmel toolchain/avr32 gcc/native/3.4.1067/avr32-gnu-toolchain/bin/../lib/gcc/avr32/4.4.7/../../../../avr32/lib/ucr2\libc.a(lib_a-mprec.o)
                                 0xb4 (size before relaxing)
                0x80011b78                __d2b
 .text.__mdiff  0x80011c18       0xd0 c:/program files (x86)/atmel/atmel toolchain/avr32 gcc/native/3.4.1067/avr32-gnu-toolchain/bin/../lib/gcc/avr32/4.4.7/../../../../avr32/lib/ucr2\libc.a(lib_a-mprec.o)
                                 0xd8 (size before relaxing)
                0x80011c18                __mdiff
 .text.__lshift
                0x80011ce8       0x88 c:/program files (x86)/atmel/atmel toolchain/avr32 gcc/native/3.4.1067/avr32-gnu-toolchain/bin/../lib/gcc/avr32/4.4.7/../../../../avr32/lib/ucr2\libc.a(lib_a-mprec.o)
                                 0x94 (size before relaxing)
                0x80011ce8                __lshift
 .text.__multiply
                0x80011d70      0x100 c:/program files (x86)/atmel/atmel toolchain/avr32 gcc/native/3.4.1067/avr32-gnu-toolchain/bin/../lib/gcc/avr32/4.4.7/../../../../avr32/lib/ucr2\libc.a(lib_a-mprec.o)
                                0x108 (size before relaxing)
                0x80011d70                __multiply
 .text.__i2b    0x80011e70       0x10 c:/program files (x86)/atmel/atmel toolchain/avr32 gcc/native/3.4.1067/avr32-gnu-toolchain/bin/../lib/gcc/avr32/4.4.7/../../../../avr32/lib/ucr2\libc.a(lib_a-mprec.o)
                                 0x18 (size before relaxing)
                0x80011e70                __i2b
 .text.__multadd
                0x80011e80       0x7c c:/program files (x86)/atmel/atmel toolchain/avr32 gcc/native/3.4.1067/avr32-gnu-toolchain/bin/../lib/gcc/avr32/4.4.7/../../../../avr32/lib/ucr2\libc.a(lib_a-mprec.o)
                                 0x88 (size before relaxing)
                0x80011e80                __multadd
 .text.__pow5mult
                0x80011efc       0x8c c:/program files (x86)/atmel/atmel toolchain/avr32 gcc/native/3.4.1067/avr32-gnu-toolchain/bin/../lib/gcc/avr32/4.4.7/../../../../avr32/lib/ucr2\libc.a(lib_a-mprec.o)
                                 0xac (size before relaxing)
                0x80011efc                __pow5mult
 .text._putc_r  0x80011f88       0x7c c:/program files (x86)/atmel/atmel toolchain/avr32 gcc/native/3.4.1067/avr32-gnu-toolchain/bin/../lib/gcc/avr32/4.4.7/../../../../avr32/lib/ucr2\libc.a(lib_a-putc.o)
                                 0x8c (size before relaxing)
                0x80011f88                _putc_r
 .text._realloc_r
                0x80012004      0x2c0 c:/program files (x86)/atmel/atmel toolchain/avr32 gcc/native/3.4.1067/avr32-gnu-toolchain/bin/../lib/gcc/avr32/4.4.7/../../../../avr32/lib/ucr2\libc.a(lib_a-reallocr.o)
                                0x2e0 (size before relaxing)
                0x80012004                _realloc_r
 .text.__isinfd
                0x800122c4       0x2a c:/program files (x86)/atmel/atmel toolchain/avr32 gcc/native/3.4.1067/avr32-gnu-toolchain/bin/../lib/gcc/avr32/4.4.7/../../../../avr32/lib/ucr2\libc.a(lib_a-s_isinfd.o)
                0x800122c4                __isinfd
 .text.__isnand
                0x800122ee       0x1c c:/program files (x86)/atmel/atmel toolchain/avr32 gcc/native/3.4.1067/avr32-gnu-toolchain/bin/../lib/gcc/avr32/4.4.7/../../../../avr32/lib/ucr2\libc.a(lib_a-s_isnand.o)
                0x800122ee                __isnand
 *fill*         0x8001230a        0x2 d703d703
 .text._sbrk_r  0x8001230c       0x20 c:/program files (x86)/atmel/atmel toolchain/avr32 gcc/native/3.4.1067/avr32-gnu-toolchain/bin/../lib/gcc/avr32/4.4.7/../../../../avr32/lib/ucr2\libc.a(lib_a-sbrkr.o)
                                 0x28 (size before relaxing)
                0x8001230c                _sbrk_r
 .text.__sclose
                0x8001232c        0x8 c:/program files (x86)/atmel/atmel toolchain/avr32 gcc/native/3.4.1067/avr32-gnu-toolchain/bin/../lib/gcc/avr32/4.4.7/../../../../avr32/lib/ucr2\libc.a(lib_a-stdio.o)
                                 0x10 (size before relaxing)
                0x8001232c                __sclose
 .text.__sseek  0x80012334       0x20 c:/program files (x86)/atmel/atmel toolchain/avr32 gcc/native/3.4.1067/avr32-gnu-toolchain/bin/../lib/gcc/avr32/4.4.7/../../../../avr32/lib/ucr2\libc.a(lib_a-stdio.o)
                                 0x28 (size before relaxing)
                0x80012334                __sseek
 .text.__swrite
                0x80012354       0x2c c:/program files (x86)/atmel/atmel toolchain/avr32 gcc/native/3.4.1067/avr32-gnu-toolchain/bin/../lib/gcc/avr32/4.4.7/../../../../avr32/lib/ucr2\libc.a(lib_a-stdio.o)
                                 0x38 (size before relaxing)
                0x80012354                __swrite
 .text.__sread  0x80012380       0x1c c:/program files (x86)/atmel/atmel toolchain/avr32 gcc/native/3.4.1067/avr32-gnu-toolchain/bin/../lib/gcc/avr32/4.4.7/../../../../avr32/lib/ucr2\libc.a(lib_a-stdio.o)
                                 0x24 (size before relaxing)
                0x80012380                __sread
 .text._close   0x8001239c       0x14 c:/program files (x86)/atmel/atmel toolchain/avr32 gcc/native/3.4.1067/avr32-gnu-toolchain/bin/../lib/gcc/avr32/4.4.7/../../../../avr32/lib/ucr2\libc.a(lib_a-syscalls.o)
                                 0x18 (size before relaxing)
                0x8001239c                _close
 .text._lseek   0x800123b0       0x14 c:/program files (x86)/atmel/atmel toolchain/avr32 gcc/native/3.4.1067/avr32-gnu-toolchain/bin/../lib/gcc/avr32/4.4.7/../../../../avr32/lib/ucr2\libc.a(lib_a-syscalls.o)
                                 0x18 (size before relaxing)
                0x800123b0                _lseek
 .text.isatty   0x800123c4       0x14 c:/program files (x86)/atmel/atmel toolchain/avr32 gcc/native/3.4.1067/avr32-gnu-toolchain/bin/../lib/gcc/avr32/4.4.7/../../../../avr32/lib/ucr2\libc.a(lib_a-syscalls.o)
                                 0x18 (size before relaxing)
                0x800123c4                isatty
 .text._fstat_host
                0x800123d8       0x14 c:/program files (x86)/atmel/atmel toolchain/avr32 gcc/native/3.4.1067/avr32-gnu-toolchain/bin/../lib/gcc/avr32/4.4.7/../../../../avr32/lib/ucr2\libc.a(lib_a-syscalls.o)
                                 0x18 (size before relaxing)
                0x800123d8                _fstat_host
 .text._fstat   0x800123ec       0x4c c:/program files (x86)/atmel/atmel toolchain/avr32 gcc/native/3.4.1067/avr32-gnu-toolchain/bin/../lib/gcc/avr32/4.4.7/../../../../avr32/lib/ucr2\libc.a(lib_a-syscalls.o)
                                 0x50 (size before relaxing)
                0x800123ec                _fstat
 .text._sbrk    0x80012438       0x38 c:/program files (x86)/atmel/atmel toolchain/avr32 gcc/native/3.4.1067/avr32-gnu-toolchain/bin/../lib/gcc/avr32/4.4.7/../../../../avr32/lib/ucr2\libc.a(lib_a-syscalls.o)
                                 0x40 (size before relaxing)
                0x80012438                _sbrk
 .text.__swbuf_r
                0x80012470       0xa8 c:/program files (x86)/atmel/atmel toolchain/avr32 gcc/native/3.4.1067/avr32-gnu-toolchain/bin/../lib/gcc/avr32/4.4.7/../../../../avr32/lib/ucr2\libc.a(lib_a-wbuf.o)
                                 0xbc (size before relaxing)
                0x80012470                __swbuf_r
 .text._write_r
                0x80012518       0x28 c:/program files (x86)/atmel/atmel toolchain/avr32 gcc/native/3.4.1067/avr32-gnu-toolchain/bin/../lib/gcc/avr32/4.4.7/../../../../avr32/lib/ucr2\libc.a(lib_a-writer.o)
                                 0x2c (size before relaxing)
                0x80012518                _write_r
 .text._calloc_r
                0x80012540       0x58 c:/program files (x86)/atmel/atmel toolchain/avr32 gcc/native/3.4.1067/avr32-gnu-toolchain/bin/../lib/gcc/avr32/4.4.7/../../../../avr32/lib/ucr2\libc.a(lib_a-callocr.o)
                                 0x60 (size before relaxing)
                0x80012540                _calloc_r
 .text._close_r
                0x80012598       0x20 c:/program files (x86)/atmel/atmel toolchain/avr32 gcc/native/3.4.1067/avr32-gnu-toolchain/bin/../lib/gcc/avr32/4.4.7/../../../../avr32/lib/ucr2\libc.a(lib_a-closer.o)
                                 0x28 (size before relaxing)
                0x80012598                _close_r
 .text.__errno  0x800125b8        0xc c:/program files (x86)/atmel/atmel toolchain/avr32 gcc/native/3.4.1067/avr32-gnu-toolchain/bin/../lib/gcc/avr32/4.4.7/../../../../avr32/lib/ucr2\libc.a(lib_a-errno.o)
                0x800125b8                __errno
 .text._fclose_r
                0x800125c4       0xb8 c:/program files (x86)/atmel/atmel toolchain/avr32 gcc/native/3.4.1067/avr32-gnu-toolchain/bin/../lib/gcc/avr32/4.4.7/../../../../avr32/lib/ucr2\libc.a(lib_a-fclose.o)
                                 0xd0 (size before relaxing)
                0x800125c4                _fclose_r
 .text.fclose   0x8001267c       0x10 c:/program files (x86)/atmel/atmel toolchain/avr32 gcc/native/3.4.1067/avr32-gnu-toolchain/bin/../lib/gcc/avr32/4.4.7/../../../../avr32/lib/ucr2\libc.a(lib_a-fclose.o)
                                 0x18 (size before relaxing)
                0x8001267c                fclose
 .text._fstat_r
                0x8001268c       0x24 c:/program files (x86)/atmel/atmel toolchain/avr32 gcc/native/3.4.1067/avr32-gnu-toolchain/bin/../lib/gcc/avr32/4.4.7/../../../../avr32/lib/ucr2\libc.a(lib_a-fstatr.o)
                                 0x2c (size before relaxing)
                0x8001268c                _fstat_r
 .text._lseek_r
                0x800126b0       0x24 c:/program files (x86)/atmel/atmel toolchain/avr32 gcc/native/3.4.1067/avr32-gnu-toolchain/bin/../lib/gcc/avr32/4.4.7/../../../../avr32/lib/ucr2\libc.a(lib_a-lseekr.o)
                                 0x2c (size before relaxing)
                0x800126b0                _lseek_r
 .text._read_r  0x800126d4       0x28 c:/program files (x86)/atmel/atmel toolchain/avr32 gcc/native/3.4.1067/avr32-gnu-toolchain/bin/../lib/gcc/avr32/4.4.7/../../../../avr32/lib/ucr2\libc.a(lib_a-readr.o)
                                 0x2c (size before relaxing)
                0x800126d4                _read_r
 .text          0x800126fc      0x1d4 c:/program files (x86)/atmel/atmel toolchain/avr32 gcc/native/3.4.1067/avr32-gnu-toolchain/bin/../lib/gcc/avr32/4.4.7/ucr2\libgcc.a(_avr32_f64_mul.o)
                0x800126fc                __avr32_f64_mul
 .text          0x800128d0      0x2b0 c:/program files (x86)/atmel/atmel toolchain/avr32 gcc/native/3.4.1067/avr32-gnu-toolchain/bin/../lib/gcc/avr32/4.4.7/ucr2\libgcc.a(_avr32_f64_addsub.o)
                0x800128d4                __avr32_f64_sub
                0x80012a70                __avr32_f64_add
 .text          0x80012b80       0x2a c:/program files (x86)/atmel/atmel toolchain/avr32 gcc/native/3.4.1067/avr32-gnu-toolchain/bin/../lib/gcc/avr32/4.4.7/ucr2\libgcc.a(_avr32_f64_to_s32.o)
                0x80012b80                __avr32_f64_to_u32
                0x80012b84                __avr32_f64_to_s32
 .text          0x80012baa       0xe8 c:/program files (x86)/atmel/atmel toolchain/avr32 gcc/native/3.4.1067/avr32-gnu-toolchain/bin/../lib/gcc/avr32/4.4.7/ucr2\libgcc.a(_avr32_s32_to_f64.o)
                0x80012baa                __avr32_u32_to_f64
                0x80012bb2                __avr32_s32_to_f64
 .text          0x80012c92       0x26 c:/program files (x86)/atmel/atmel toolchain/avr32 gcc/native/3.4.1067/avr32-gnu-toolchain/bin/../lib/gcc/avr32/4.4.7/ucr2\libgcc.a(_avr32_f64_cmp_eq.o)
                0x80012c92                __avr32_f64_cmp_eq
 .text          0x80012cb8       0x68 c:/program files (x86)/atmel/atmel toolchain/avr32 gcc/native/3.4.1067/avr32-gnu-toolchain/bin/../lib/gcc/avr32/4.4.7/ucr2\libgcc.a(_avr32_f64_cmp_ge.o)
                0x80012cb8                __avr32_f64_cmp_ge
 .text          0x80012d20       0x68 c:/program files (x86)/atmel/atmel toolchain/avr32 gcc/native/3.4.1067/avr32-gnu-toolchain/bin/../lib/gcc/avr32/4.4.7/ucr2\libgcc.a(_avr32_f64_cmp_lt.o)
                0x80012d20                __avr32_f64_cmp_lt
 .text          0x80012d88      0x318 c:/program files (x86)/atmel/atmel toolchain/avr32 gcc/native/3.4.1067/avr32-gnu-toolchain/bin/../lib/gcc/avr32/4.4.7/ucr2\libgcc.a(_avr32_f64_div.o)
                0x80012d88                __avr32_f64_div
 .text          0x800130a0      0x20c c:/program files (x86)/atmel/atmel toolchain/avr32 gcc/native/3.4.1067/avr32-gnu-toolchain/bin/../lib/gcc/avr32/4.4.7/ucr2\libgcc.a(_umoddi3.o)
                0x800130a0                __avr32_umod64
                0x800130a0                __umoddi3
 *(.text.*personality*)
 *(.gnu.warning)

.exception      0x80013400      0x200
 .exception     0x80013400      0x200 src/ASF/avr32/drivers/intc/exception.o
                0x80013400                _evba
                0x80013504                _int0
                0x80013512                _int1
                0x80013520                _int2
                0x8001352e                _int3

.fini
 *(.fini)
                0x80013600                PROVIDE (__etext, .)
                0x80013600                PROVIDE (_etext, .)
                0x80013600                PROVIDE (etext, .)

.rodata         0x80013600      0x720
 *(.rodata .rodata.* .gnu.linkonce.r.*)
 .rodata.lun_desc
                0x80013600       0x20 src/ASF/common/services/storage/ctrl_access/ctrl_access.o
 .rodata.const_FSI_LeadSig
                0x80013620        0x4 src/ASF/avr32/services/fs/fat/fat_unusual.o
                0x80013620                const_FSI_LeadSig
 .rodata.const_FSI_StrucSig
                0x80013624        0x4 src/ASF/avr32/services/fs/fat/fat_unusual.o
                0x80013624                const_FSI_StrucSig
 .rodata.fs_s_tab_incorrect_char
                0x80013628        0x8 src/ASF/avr32/services/fs/fat/fat_unusual.o
                0x80013628                fs_s_tab_incorrect_char
 .rodata.fs_s_execption_char
                0x80013630        0x8 src/ASF/avr32/services/fs/fat/fat_unusual.o
                0x80013630                fs_s_execption_char
 .rodata.LED_DESCRIPTOR
                0x80013638       0x80 src/ASF/avr32/boards/evk1100/led.o
 .rodata._int_handler_table
                0x800136b8       0xa0 src/ASF/avr32/drivers/intc/intc.o
 .rodata.C.68.13696
                0x80013758       0x10 src/main.o
 .rodata.SD_MMC_SPI_GPIO_MAP.13694
                0x80013768       0x20 src/main.o
 .rodata.waveform_opt.13685
                0x80013788        0x8 src/main.o
 .rodata.tc_interrupt.13686
                0x80013790        0x4 src/main.o
 .rodata.str1.4
                0x80013794        0x2 c:/program files (x86)/atmel/atmel toolchain/avr32 gcc/native/3.4.1067/avr32-gnu-toolchain/bin/../lib/gcc/avr32/4.4.7/../../../../avr32/lib/ucr2\libc.a(lib_a-impure.o)
                                  0x4 (size before relaxing)
 *fill*         0x80013796        0x2 
 .rodata._global_impure_ptr
                0x80013798        0x4 c:/program files (x86)/atmel/atmel toolchain/avr32 gcc/native/3.4.1067/avr32-gnu-toolchain/bin/../lib/gcc/avr32/4.4.7/../../../../avr32/lib/ucr2\libc.a(lib_a-impure.o)
                0x80013798                _global_impure_ptr
 .rodata.str1.4
                0x8001379c        0x2 c:/program files (x86)/atmel/atmel toolchain/avr32 gcc/native/3.4.1067/avr32-gnu-toolchain/bin/../lib/gcc/avr32/4.4.7/../../../../avr32/lib/ucr2\libc.a(lib_a-puts.o)
                                  0x4 (size before relaxing)
 *fill*         0x8001379e        0x2 
 .rodata.get_arg
                0x800137a0       0x3c c:/program files (x86)/atmel/atmel toolchain/avr32 gcc/native/3.4.1067/avr32-gnu-toolchain/bin/../lib/gcc/avr32/4.4.7/../../../../avr32/lib/ucr2\libc.a(lib_a-vfprintf.o)
 .rodata._vfprintf_r
                0x800137dc      0x164 c:/program files (x86)/atmel/atmel toolchain/avr32 gcc/native/3.4.1067/avr32-gnu-toolchain/bin/../lib/gcc/avr32/4.4.7/../../../../avr32/lib/ucr2\libc.a(lib_a-vfprintf.o)
 .rodata.state_table
                0x80013940       0x6c c:/program files (x86)/atmel/atmel toolchain/avr32 gcc/native/3.4.1067/avr32-gnu-toolchain/bin/../lib/gcc/avr32/4.4.7/../../../../avr32/lib/ucr2\libc.a(lib_a-vfprintf.o)
 .rodata.action_table
                0x800139ac       0x6c c:/program files (x86)/atmel/atmel toolchain/avr32 gcc/native/3.4.1067/avr32-gnu-toolchain/bin/../lib/gcc/avr32/4.4.7/../../../../avr32/lib/ucr2\libc.a(lib_a-vfprintf.o)
 .rodata.str1.4
                0x80013a18       0x3a c:/program files (x86)/atmel/atmel toolchain/avr32 gcc/native/3.4.1067/avr32-gnu-toolchain/bin/../lib/gcc/avr32/4.4.7/../../../../avr32/lib/ucr2\libc.a(lib_a-vfprintf.o)
                                 0x3c (size before relaxing)
 *fill*         0x80013a52        0x2 
 .rodata.blanks.3430
                0x80013a54       0x10 c:/program files (x86)/atmel/atmel toolchain/avr32 gcc/native/3.4.1067/avr32-gnu-toolchain/bin/../lib/gcc/avr32/4.4.7/../../../../avr32/lib/ucr2\libc.a(lib_a-vfprintf.o)
 .rodata.zeroes.3431
                0x80013a64       0x10 c:/program files (x86)/atmel/atmel toolchain/avr32 gcc/native/3.4.1067/avr32-gnu-toolchain/bin/../lib/gcc/avr32/4.4.7/../../../../avr32/lib/ucr2\libc.a(lib_a-vfprintf.o)
 .rodata.chclass
                0x80013a74      0x100 c:/program files (x86)/atmel/atmel toolchain/avr32 gcc/native/3.4.1067/avr32-gnu-toolchain/bin/../lib/gcc/avr32/4.4.7/../../../../avr32/lib/ucr2\libc.a(lib_a-vfprintf.o)
 .rodata.str1.4
                0x80013b74       0x10 c:/program files (x86)/atmel/atmel toolchain/avr32 gcc/native/3.4.1067/avr32-gnu-toolchain/bin/../lib/gcc/avr32/4.4.7/../../../../avr32/lib/ucr2\libc.a(lib_a-dtoa.o)
                                 0x14 (size before relaxing)
 .rodata.__sf_fake_stdin
                0x80013b84       0x20 c:/program files (x86)/atmel/atmel toolchain/avr32 gcc/native/3.4.1067/avr32-gnu-toolchain/bin/../lib/gcc/avr32/4.4.7/../../../../avr32/lib/ucr2\libc.a(lib_a-findfp.o)
                0x80013b84                __sf_fake_stdin
 .rodata.__sf_fake_stdout
                0x80013ba4       0x20 c:/program files (x86)/atmel/atmel toolchain/avr32 gcc/native/3.4.1067/avr32-gnu-toolchain/bin/../lib/gcc/avr32/4.4.7/../../../../avr32/lib/ucr2\libc.a(lib_a-findfp.o)
                0x80013ba4                __sf_fake_stdout
 .rodata.__sf_fake_stderr
                0x80013bc4       0x20 c:/program files (x86)/atmel/atmel toolchain/avr32 gcc/native/3.4.1067/avr32-gnu-toolchain/bin/../lib/gcc/avr32/4.4.7/../../../../avr32/lib/ucr2\libc.a(lib_a-findfp.o)
                0x80013bc4                __sf_fake_stderr
 .rodata.lconv  0x80013be4       0x30 c:/program files (x86)/atmel/atmel toolchain/avr32 gcc/native/3.4.1067/avr32-gnu-toolchain/bin/../lib/gcc/avr32/4.4.7/../../../../avr32/lib/ucr2\libc.a(lib_a-locale.o)
 .rodata.str1.4
                0x80013c14       0x10 c:/program files (x86)/atmel/atmel toolchain/avr32 gcc/native/3.4.1067/avr32-gnu-toolchain/bin/../lib/gcc/avr32/4.4.7/../../../../avr32/lib/ucr2\libc.a(lib_a-locale.o)
                                 0x18 (size before relaxing)
 .rodata.p05.2471
                0x80013c24        0xc c:/program files (x86)/atmel/atmel toolchain/avr32 gcc/native/3.4.1067/avr32-gnu-toolchain/bin/../lib/gcc/avr32/4.4.7/../../../../avr32/lib/ucr2\libc.a(lib_a-mprec.o)
 .rodata.__mprec_tens
                0x80013c30       0xc8 c:/program files (x86)/atmel/atmel toolchain/avr32 gcc/native/3.4.1067/avr32-gnu-toolchain/bin/../lib/gcc/avr32/4.4.7/../../../../avr32/lib/ucr2\libc.a(lib_a-mprec.o)
                0x80013c30                __mprec_tens
 .rodata.__mprec_bigtens
                0x80013cf8       0x28 c:/program files (x86)/atmel/atmel toolchain/avr32 gcc/native/3.4.1067/avr32-gnu-toolchain/bin/../lib/gcc/avr32/4.4.7/../../../../avr32/lib/ucr2\libc.a(lib_a-mprec.o)
                0x80013cf8                __mprec_bigtens

.rodata1
 *(.rodata1)

.eh_frame_hdr
 *(.eh_frame_hdr)

.eh_frame
 *(.eh_frame)

.gcc_except_table
 *(.gcc_except_table)
 *(.gcc_except_table.*)

.lalign         0x80013d20        0x0
                0x80013d20                . = ALIGN (0x8)
                0x80013d20                PROVIDE (_data_lma, .)
                0x00000004                . = ORIGIN (INTRAM)

.dalign         0x00000004        0x4
                0x00000008                . = ALIGN (0x8)
 *fill*         0x00000004        0x4 
                0x00000008                PROVIDE (_data, .)

.eh_frame
 *(.eh_frame)

.gcc_except_table
 *(.gcc_except_table)
 *(.gcc_except_table.*)

.tdata
 *(.tdata .tdata.* .gnu.linkonce.td.*)

.tbss
 *(.tbss .tbss.* .gnu.linkonce.tb.*)
 *(.tcommon)
                0x00000008                PROVIDE (__preinit_array_start, ALIGN (0x4))

.preinit_array
 *(.preinit_array)
                0x00000008                PROVIDE (__preinit_array_end, .)
                0x00000008                PROVIDE (__init_array_start, .)

.init_array
 *(.init_array)
                0x00000008                PROVIDE (__init_array_end, .)
                0x00000008                PROVIDE (__fini_array_start, .)

.fini_array
 *(.fini_array)
                0x00000008                PROVIDE (__fini_array_end, .)

.ctors
 *crtbegin*.o(.ctors)
 *(EXCLUDE_FILE(*crtend*.o) .ctors)
 *(SORT(.ctors.*))
 *(.ctors)

.dtors
 *crtbegin*.o(.dtors)
 *(EXCLUDE_FILE(*crtend*.o) .dtors)
 *(SORT(.dtors.*))
 *(.dtors)

.jcr
 *(.jcr)

.data.rel.ro
 *(.data.rel.ro.local)
 *(.data.rel.ro*)

.dynamic
 *(.dynamic)

.got
 *(.got.plt)
 *(.got)

.ramtext
 *(.ramtext .ramtext.*)

.ddalign        0x00000008        0x0 load address 0x80013d20
                0x00000008                . = ALIGN (0x8)

.data           0x00000008      0x5d4 load address 0x80013d20
 *(.data .data.* .gnu.linkonce.d.*)
 .data.sd_mmc_spi_presence_status
                0x00000008        0x1 src/ASF/avr32/components/memory/sd_mmc/sd_mmc_spi/sd_mmc_spi_mem.o
                0x00000008                sd_mmc_spi_presence_status
 *fill*         0x00000009        0x3 
 .data.LED_State
                0x0000000c        0x4 src/ASF/avr32/boards/evk1100/led.o
 .data.udi_api_cdc_comm
                0x00000010       0x14 src/ASF/common/services/usb/class/cdc/device/udi_cdc.o
                0x00000010                udi_api_cdc_comm
 .data.udi_api_cdc_data
                0x00000024       0x14 src/ASF/common/services/usb/class/cdc/device/udi_cdc.o
                0x00000024                udi_api_cdc_data
 .data.udc_device_desc
                0x00000038       0x14 src/ASF/common/services/usb/class/cdc/device/udi_cdc_desc.o
                0x00000038                udc_device_desc
 .data.udc_desc_fs
                0x0000004c       0x44 src/ASF/common/services/usb/class/cdc/device/udi_cdc_desc.o
                0x0000004c                udc_desc_fs
 .data.udi_apis
                0x00000090        0x8 src/ASF/common/services/usb/class/cdc/device/udi_cdc_desc.o
                0x00000090                udi_apis
 .data.udc_config_fs
                0x00000098        0x8 src/ASF/common/services/usb/class/cdc/device/udi_cdc_desc.o
                0x00000098                udc_config_fs
 .data.udc_config
                0x000000a0        0xc src/ASF/common/services/usb/class/cdc/device/udi_cdc_desc.o
                0x000000a0                udc_config
 .data.udc_string_desc_languageid
                0x000000ac        0x4 src/ASF/common/services/usb/udc/udc.o
 .data.udc_string_manufacturer_name
                0x000000b0        0xc src/ASF/common/services/usb/udc/udc.o
 .data.udc_string_product_name
                0x000000bc        0x4 src/ASF/common/services/usb/udc/udc.o
 .data.udc_string_desc
                0x000000c0       0x14 src/ASF/common/services/usb/udc/udc.o
 .data.cmd_type
                0x000000d4        0x1 src/main.o
 *fill*         0x000000d5        0x3 
 .data.impure_data
                0x000000d8       0xf0 c:/program files (x86)/atmel/atmel toolchain/avr32 gcc/native/3.4.1067/avr32-gnu-toolchain/bin/../lib/gcc/avr32/4.4.7/../../../../avr32/lib/ucr2\libc.a(lib_a-impure.o)
 .data._impure_ptr
                0x000001c8        0x4 c:/program files (x86)/atmel/atmel toolchain/avr32 gcc/native/3.4.1067/avr32-gnu-toolchain/bin/../lib/gcc/avr32/4.4.7/../../../../avr32/lib/ucr2\libc.a(lib_a-impure.o)
                0x000001c8                _impure_ptr
 .data.__malloc_av_
                0x000001cc      0x408 c:/program files (x86)/atmel/atmel toolchain/avr32 gcc/native/3.4.1067/avr32-gnu-toolchain/bin/../lib/gcc/avr32/4.4.7/../../../../avr32/lib/ucr2\libc.a(lib_a-mallocr.o)
                0x000001cc                __malloc_av_
 .data.__malloc_trim_threshold
                0x000005d4        0x4 c:/program files (x86)/atmel/atmel toolchain/avr32 gcc/native/3.4.1067/avr32-gnu-toolchain/bin/../lib/gcc/avr32/4.4.7/../../../../avr32/lib/ucr2\libc.a(lib_a-mallocr.o)
                0x000005d4                __malloc_trim_threshold
 .data.__malloc_sbrk_base
                0x000005d8        0x4 c:/program files (x86)/atmel/atmel toolchain/avr32 gcc/native/3.4.1067/avr32-gnu-toolchain/bin/../lib/gcc/avr32/4.4.7/../../../../avr32/lib/ucr2\libc.a(lib_a-mallocr.o)
                0x000005d8                __malloc_sbrk_base
 *(.gnu.linkonce.d.*personality*)

.data1
 *(.data1)

.balign         0x000005dc        0x4 load address 0x800142f4
                0x000005e0                . = ALIGN (0x8)
 *fill*         0x000005dc        0x4 
                0x000005e0                PROVIDE (_edata, .)
                0x000005e0                PROVIDE (edata, .)
                0x000005e0                __bss_start = .

.bss            0x000005e0      0xc78
 *(.dynbss)
 *(.bss .bss.* .gnu.linkonce.b.*)
 .bss.gl_ptr_mem
                0x000005e0        0x4 src/ASF/avr32/components/memory/sd_mmc/sd_mmc_spi/sd_mmc_spi.o
 .bss.sd_mmc_opt
                0x000005e4       0x10 src/ASF/avr32/components/memory/sd_mmc/sd_mmc_spi/sd_mmc_spi.o
 .bss.sd_mmc_pba_hz
                0x000005f4        0x4 src/ASF/avr32/components/memory/sd_mmc/sd_mmc_spi/sd_mmc_spi.o
 .bss.sd_mmc_spi_init_done
                0x000005f8        0x1 src/ASF/avr32/components/memory/sd_mmc/sd_mmc_spi/sd_mmc_spi.o
                0x000005f8                sd_mmc_spi_init_done
 *fill*         0x000005f9        0x3 
 .bss._int_line_handler_table_0
                0x000005fc        0x4 src/ASF/avr32/drivers/intc/intc.o
 .bss._int_line_handler_table_1
                0x00000600       0x2c src/ASF/avr32/drivers/intc/intc.o
 .bss._int_line_handler_table_2
                0x0000062c       0x38 src/ASF/avr32/drivers/intc/intc.o
 .bss._int_line_handler_table_3
                0x00000664       0x3c src/ASF/avr32/drivers/intc/intc.o
 .bss._int_line_handler_table_4
                0x000006a0        0x4 src/ASF/avr32/drivers/intc/intc.o
 .bss._int_line_handler_table_5
                0x000006a4        0x4 src/ASF/avr32/drivers/intc/intc.o
 .bss._int_line_handler_table_6
                0x000006a8        0x4 src/ASF/avr32/drivers/intc/intc.o
 .bss._int_line_handler_table_7
                0x000006ac        0x4 src/ASF/avr32/drivers/intc/intc.o
 .bss._int_line_handler_table_8
                0x000006b0        0x4 src/ASF/avr32/drivers/intc/intc.o
 .bss._int_line_handler_table_9
                0x000006b4        0x4 src/ASF/avr32/drivers/intc/intc.o
 .bss._int_line_handler_table_10
                0x000006b8        0x4 src/ASF/avr32/drivers/intc/intc.o
 .bss._int_line_handler_table_11
                0x000006bc        0x4 src/ASF/avr32/drivers/intc/intc.o
 .bss._int_line_handler_table_12
                0x000006c0        0x4 src/ASF/avr32/drivers/intc/intc.o
 .bss._int_line_handler_table_13
                0x000006c4        0x4 src/ASF/avr32/drivers/intc/intc.o
 .bss._int_line_handler_table_14
                0x000006c8        0xc src/ASF/avr32/drivers/intc/intc.o
 .bss._int_line_handler_table_15
                0x000006d4        0x4 src/ASF/avr32/drivers/intc/intc.o
 .bss._int_line_handler_table_16
                0x000006d8        0x4 src/ASF/avr32/drivers/intc/intc.o
 .bss._int_line_handler_table_17
                0x000006dc        0x4 src/ASF/avr32/drivers/intc/intc.o
 .bss._int_line_handler_table_18
                0x000006e0        0x4 src/ASF/avr32/drivers/intc/intc.o
 .bss._int_line_handler_table_19
                0x000006e4        0x4 src/ASF/avr32/drivers/intc/intc.o
 .bss.udd_b_idle
                0x000006e8        0x1 src/ASF/avr32/drivers/usbb/usbb_device.o
 *fill*         0x000006e9        0x3 
 .bss.udd_ep_control_state
                0x000006ec        0x4 src/ASF/avr32/drivers/usbb/usbb_device.o
 .bss.udd_ctrl_prev_payload_nb_trans
                0x000006f0        0x2 src/ASF/avr32/drivers/usbb/usbb_device.o
 .bss.udd_ctrl_payload_nb_trans
                0x000006f2        0x2 src/ASF/avr32/drivers/usbb/usbb_device.o
 .bss.udd_ep_job
                0x000006f4       0x3c src/ASF/avr32/drivers/usbb/usbb_device.o
 .bss.b_shortpacket.13314
                0x00000730        0x1 src/ASF/avr32/drivers/usbb/usbb_device.o
 .bss.sysclk_pbb_refcount
                0x00000731        0x1 src/ASF/common/services/clock/uc3a0_a1/sysclk.o
 *fill*         0x00000732        0x2 
 .bss.udi_cdc_line_coding
                0x00000734        0x8 src/ASF/common/services/usb/class/cdc/device/udi_cdc.o
 .bss.udi_cdc_state
                0x0000073c        0x2 src/ASF/common/services/usb/class/cdc/device/udi_cdc.o
 *fill*         0x0000073e        0x2 
 .bss.uid_cdc_state_msg
                0x00000740        0xc src/ASF/common/services/usb/class/cdc/device/udi_cdc.o
 .bss.udi_cdc_nb_comm_enabled
                0x0000074c        0x1 src/ASF/common/services/usb/class/cdc/device/udi_cdc.o
 .bss.udi_cdc_nb_data_enabled
                0x0000074d        0x1 src/ASF/common/services/usb/class/cdc/device/udi_cdc.o
 .bss.udi_cdc_data_running
                0x0000074e        0x1 src/ASF/common/services/usb/class/cdc/device/udi_cdc.o
 *fill*         0x0000074f        0x1 
 .bss.udi_cdc_rx_buf
                0x00000750      0x280 src/ASF/common/services/usb/class/cdc/device/udi_cdc.o
 .bss.udi_cdc_rx_buf_nb
                0x000009d0        0x4 src/ASF/common/services/usb/class/cdc/device/udi_cdc.o
 .bss.udi_cdc_rx_buf_sel
                0x000009d4        0x4 src/ASF/common/services/usb/class/cdc/device/udi_cdc.o
 .bss.udi_cdc_rx_pos
                0x000009d8        0x2 src/ASF/common/services/usb/class/cdc/device/udi_cdc.o
 *fill*         0x000009da        0x2 
 .bss.udi_cdc_rx_trans_ongoing
                0x000009dc        0x4 src/ASF/common/services/usb/class/cdc/device/udi_cdc.o
 .bss.udi_cdc_tx_buf
                0x000009e0      0x280 src/ASF/common/services/usb/class/cdc/device/udi_cdc.o
 .bss.udi_cdc_tx_buf_nb
                0x00000c60        0x4 src/ASF/common/services/usb/class/cdc/device/udi_cdc.o
 .bss.udi_cdc_tx_buf_sel
                0x00000c64        0x4 src/ASF/common/services/usb/class/cdc/device/udi_cdc.o
 .bss.udi_cdc_tx_sof_num
                0x00000c68        0x2 src/ASF/common/services/usb/class/cdc/device/udi_cdc.o
 *fill*         0x00000c6a        0x2 
 .bss.udi_cdc_tx_trans_ongoing
                0x00000c6c        0x4 src/ASF/common/services/usb/class/cdc/device/udi_cdc.o
 .bss.udi_cdc_tx_both_buf_to_send
                0x00000c70        0x4 src/ASF/common/services/usb/class/cdc/device/udi_cdc.o
 .bss.sof_zlp_counter.12052
                0x00000c74        0x2 src/ASF/common/services/usb/class/cdc/device/udi_cdc.o
 .bss.port_notify.11863
                0x00000c76        0x1 src/ASF/common/services/usb/class/cdc/device/udi_cdc.o
 *fill*         0x00000c77        0x1 
 .bss.udc_device_status
                0x00000c78        0x2 src/ASF/common/services/usb/udc/udc.o
 *fill*         0x00000c7a        0x2 
 .bss.udc_iface_setting
                0x00000c7c        0x4 src/ASF/common/services/usb/udc/udc.o
 .bss.udc_num_configuration
                0x00000c80        0x4 src/ASF/common/services/usb/udc/udc.o
 .bss.udc_ptr_conf
                0x00000c84        0x4 src/ASF/common/services/usb/udc/udc.o
 .bss.udc_ptr_iface
                0x00000c88        0x4 src/ASF/common/services/usb/udc/udc.o
 .bss.udc_ep_status.11738
                0x00000c8c        0x2 src/ASF/common/services/usb/udc/udc.o
 .bss.stdio_usb_interface_enable
                0x00000c8e        0x1 src/ASF/common/utils/stdio/stdio_usb/stdio_usb.o
 .bss.TC_INT    0x00000c8f        0x1 src/main.o
                0x00000c8f                TC_INT
 .bss.adc_value_pot
                0x00000c90        0x4 src/main.o
                0x00000c90                adc_value_pot
 .bss.adc_loop_cnt
                0x00000c94        0x4 src/main.o
                0x00000c94                adc_loop_cnt
 .bss.i_str     0x00000c98        0x1 src/main.o
 *fill*         0x00000c99        0x3 
 .bss.cmd_str   0x00000c9c        0xc src/main.o
 .bss.__malloc_max_total_mem
                0x00000ca8        0x4 c:/program files (x86)/atmel/atmel toolchain/avr32 gcc/native/3.4.1067/avr32-gnu-toolchain/bin/../lib/gcc/avr32/4.4.7/../../../../avr32/lib/ucr2\libc.a(lib_a-mallocr.o)
                0x00000ca8                __malloc_max_total_mem
 .bss.__malloc_max_sbrked_mem
                0x00000cac        0x4 c:/program files (x86)/atmel/atmel toolchain/avr32 gcc/native/3.4.1067/avr32-gnu-toolchain/bin/../lib/gcc/avr32/4.4.7/../../../../avr32/lib/ucr2\libc.a(lib_a-mallocr.o)
                0x00000cac                __malloc_max_sbrked_mem
 .bss.__malloc_top_pad
                0x00000cb0        0x4 c:/program files (x86)/atmel/atmel toolchain/avr32 gcc/native/3.4.1067/avr32-gnu-toolchain/bin/../lib/gcc/avr32/4.4.7/../../../../avr32/lib/ucr2\libc.a(lib_a-mallocr.o)
                0x00000cb0                __malloc_top_pad
 .bss.__malloc_current_mallinfo
                0x00000cb4       0x28 c:/program files (x86)/atmel/atmel toolchain/avr32 gcc/native/3.4.1067/avr32-gnu-toolchain/bin/../lib/gcc/avr32/4.4.7/../../../../avr32/lib/ucr2\libc.a(lib_a-mallocr.o)
                0x00000cb4                __malloc_current_mallinfo
 .bss.cur_heap_pos.1869
                0x00000cdc        0x4 c:/program files (x86)/atmel/atmel toolchain/avr32 gcc/native/3.4.1067/avr32-gnu-toolchain/bin/../lib/gcc/avr32/4.4.7/../../../../avr32/lib/ucr2\libc.a(lib_a-syscalls.o)
 *(COMMON)
 COMMON         0x00000ce0      0x229 src/ASF/avr32/components/memory/sd_mmc/sd_mmc_spi/sd_mmc_spi.o
                0x00000ce0                data_mem
                0x00000ee4                capacity
                0x00000eec                capacity_mult
                0x00000eee                erase_group_size
                0x00000ef0                sd_mmc_spi_last_block_address
                0x00000ef4                r2
                0x00000ef6                card_type
                0x00000ef8                csd
                0x00000f08                r1
 *fill*         0x00000f09        0x3 
 COMMON         0x00000f0c      0x2f4 src/ASF/avr32/services/fs/fat/fat.o
                0x00000f0c                fs_gu32_addrsector
                0x00000f10                fs_g_nav_entry
                0x00000f20                fs_g_u16_pos_fat
                0x00000f22                g_b_no_check_disk
                0x00000f24                fs_g_cache_clusterlist
                0x00000f4c                fs_g_u32_last_mod_fat
                0x00000f50                fs_g_sector
                0x00001150                fs_g_nav