Archive member included because of file (symbol)

c:/program files (x86)/atmel/atmel toolchain/avr32 gcc/native/3.4.1067/avr32-gnu-toolchain/bin/../lib/gcc/avr32/4.4.7/../../../../avr32/lib/ucr2\libc.a(lib_a-memcpy.o)
                              src/ASF/avr32/drivers/flashc/flashc.o (memcpy)
c:/program files (x86)/atmel/atmel toolchain/avr32 gcc/native/3.4.1067/avr32-gnu-toolchain/bin/../lib/gcc/avr32/4.4.7/../../../../avr32/lib/ucr2\libc.a(lib_a-vsprintf.o)
                              src/ASF/avr32/components/display/dip204/dip204.o (vsprintf)
c:/program files (x86)/atmel/atmel toolchain/avr32 gcc/native/3.4.1067/avr32-gnu-toolchain/bin/../lib/gcc/avr32/4.4.7/../../../../avr32/lib/ucr2\libc.a(lib_a-impure.o)
                              c:/program files (x86)/atmel/atmel toolchain/avr32 gcc/native/3.4.1067/avr32-gnu-toolchain/bin/../lib/gcc/avr32/4.4.7/../../../../avr32/lib/ucr2\libc.a(lib_a-vsprintf.o) (_impure_ptr)
c:/program files (x86)/atmel/atmel toolchain/avr32 gcc/native/3.4.1067/avr32-gnu-toolchain/bin/../lib/gcc/avr32/4.4.7/../../../../avr32/lib/ucr2\libc.a(lib_a-vfprintf.o)
                              c:/program files (x86)/atmel/atmel toolchain/avr32 gcc/native/3.4.1067/avr32-gnu-toolchain/bin/../lib/gcc/avr32/4.4.7/../../../../avr32/lib/ucr2\libc.a(lib_a-vsprintf.o) (_vfprintf_r)
c:/program files (x86)/atmel/atmel toolchain/avr32 gcc/native/3.4.1067/avr32-gnu-toolchain/bin/../lib/gcc/avr32/4.4.7/../../../../avr32/lib/ucr2\libc.a(lib_a-wsetup.o)
                              c:/program files (x86)/atmel/atmel toolchain/avr32 gcc/native/3.4.1067/avr32-gnu-toolchain/bin/../lib/gcc/avr32/4.4.7/../../../../avr32/lib/ucr2\libc.a(lib_a-vfprintf.o) (__swsetup_r)
c:/program files (x86)/atmel/atmel toolchain/avr32 gcc/native/3.4.1067/avr32-gnu-toolchain/bin/../lib/gcc/avr32/4.4.7/../../../../avr32/lib/ucr2\libc.a(lib_a-dtoa.o)
                              c:/program files (x86)/atmel/atmel toolchain/avr32 gcc/native/3.4.1067/avr32-gnu-toolchain/bin/../lib/gcc/avr32/4.4.7/../../../../avr32/lib/ucr2\libc.a(lib_a-vfprintf.o) (_dtoa_r)
c:/program files (x86)/atmel/atmel toolchain/avr32 gcc/native/3.4.1067/avr32-gnu-toolchain/bin/../lib/gcc/avr32/4.4.7/../../../../avr32/lib/ucr2\libc.a(lib_a-fflush.o)
                              c:/program files (x86)/atmel/atmel toolchain/avr32 gcc/native/3.4.1067/avr32-gnu-toolchain/bin/../lib/gcc/avr32/4.4.7/../../../../avr32/lib/ucr2\libc.a(lib_a-vfprintf.o) (_fflush_r)
c:/program files (x86)/atmel/atmel toolchain/avr32 gcc/native/3.4.1067/avr32-gnu-toolchain/bin/../lib/gcc/avr32/4.4.7/../../../../avr32/lib/ucr2\libc.a(lib_a-findfp.o)
                              c:/program files (x86)/atmel/atmel toolchain/avr32 gcc/native/3.4.1067/avr32-gnu-toolchain/bin/../lib/gcc/avr32/4.4.7/../../../../avr32/lib/ucr2\libc.a(lib_a-vfprintf.o) (__sinit)
c:/program files (x86)/atmel/atmel toolchain/avr32 gcc/native/3.4.1067/avr32-gnu-toolchain/bin/../lib/gcc/avr32/4.4.7/../../../../avr32/lib/ucr2\libc.a(lib_a-freer.o)
                              c:/program files (x86)/atmel/atmel toolchain/avr32 gcc/native/3.4.1067/avr32-gnu-toolchain/bin/../lib/gcc/avr32/4.4.7/../../../../avr32/lib/ucr2\libc.a(lib_a-wsetup.o) (_free_r)
c:/program files (x86)/atmel/atmel toolchain/avr32 gcc/native/3.4.1067/avr32-gnu-toolchain/bin/../lib/gcc/avr32/4.4.7/../../../../avr32/lib/ucr2\libc.a(lib_a-fvwrite.o)
                              c:/program files (x86)/atmel/atmel toolchain/avr32 gcc/native/3.4.1067/avr32-gnu-toolchain/bin/../lib/gcc/avr32/4.4.7/../../../../avr32/lib/ucr2\libc.a(lib_a-vfprintf.o) (__sfvwrite_r)
c:/program files (x86)/atmel/atmel toolchain/avr32 gcc/native/3.4.1067/avr32-gnu-toolchain/bin/../lib/gcc/avr32/4.4.7/../../../../avr32/lib/ucr2\libc.a(lib_a-fwalk.o)
                              c:/program files (x86)/atmel/atmel toolchain/avr32 gcc/native/3.4.1067/avr32-gnu-toolchain/bin/../lib/gcc/avr32/4.4.7/../../../../avr32/lib/ucr2\libc.a(lib_a-fflush.o) (_fwalk_reent)
c:/program files (x86)/atmel/atmel toolchain/avr32 gcc/native/3.4.1067/avr32-gnu-toolchain/bin/../lib/gcc/avr32/4.4.7/../../../../avr32/lib/ucr2\libc.a(lib_a-locale.o)
                              c:/program files (x86)/atmel/atmel toolchain/avr32 gcc/native/3.4.1067/avr32-gnu-toolchain/bin/../lib/gcc/avr32/4.4.7/../../../../avr32/lib/ucr2\libc.a(lib_a-vfprintf.o) (_localeconv_r)
c:/program files (x86)/atmel/atmel toolchain/avr32 gcc/native/3.4.1067/avr32-gnu-toolchain/bin/../lib/gcc/avr32/4.4.7/../../../../avr32/lib/ucr2\libc.a(lib_a-makebuf.o)
                              c:/program files (x86)/atmel/atmel toolchain/avr32 gcc/native/3.4.1067/avr32-gnu-toolchain/bin/../lib/gcc/avr32/4.4.7/../../../../avr32/lib/ucr2\libc.a(lib_a-wsetup.o) (__smakebuf_r)
c:/program files (x86)/atmel/atmel toolchain/avr32 gcc/native/3.4.1067/avr32-gnu-toolchain/bin/../lib/gcc/avr32/4.4.7/../../../../avr32/lib/ucr2\libc.a(lib_a-malloc.o)
[...]
Memory Configuration

Name             Origin             Length             Attributes
FLASH            0x80000000         0x00080000         axrl !w
INTRAM           0x00000004         0x0000fffc         axw !rl
USERPAGE         0x80800000         0x00000200
*default*        0x00000000         0xffffffff

Linker script and memory map

                0x00001000                _stack_size = 0x1000
LOAD src/ASF/avr32/boards/evk1100/init.o
LOAD src/ASF/avr32/boards/evk1100/led.o
LOAD src/ASF/avr32/components/display/dip204/dip204.o
LOAD src/ASF/avr32/drivers/flashc/flashc.o
LOAD src/ASF/avr32/drivers/gpio/gpio.o
LOAD src/ASF/avr32/drivers/intc/exception.o
LOAD src/ASF/avr32/drivers/intc/intc.o
LOAD src/ASF/avr32/drivers/pm/pm.o
LOAD src/ASF/avr32/drivers/pm/pm_conf_clocks.o
LOAD src/ASF/avr32/drivers/pm/power_clocks_lib.o
LOAD src/ASF/avr32/drivers/pwm/pwm.o
LOAD src/ASF/avr32/drivers/spi/spi.o
LOAD src/ASF/avr32/utils/startup/startup_uc3.o
LOAD src/ASF/avr32/utils/startup/trampoline_uc3.o
LOAD src/ASF/common/services/clock/uc3a0_a1/sysclk.o
LOAD src/main.o
START GROUP
LOAD c:/program files (x86)/atmel/atmel toolchain/avr32 gcc/native/3.4.1067/avr32-gnu-toolchain/bin/../lib/gcc/avr32/4.4.7/../../../../avr32/lib/ucr2\libm.a
END GROUP
LOAD c:/program files (x86)/atmel/atmel toolchain/avr32 gcc/native/3.4.1067/avr32-gnu-toolchain/bin/../lib/gcc/avr32/4.4.7/ucr2\libgcc.a
LOAD c:/program files (x86)/atmel/atmel toolchain/avr32 gcc/native/3.4.1067/avr32-gnu-toolchain/bin/../lib/gcc/avr32/4.4.7/../../../../avr32/lib/ucr2\libc.a
LOAD c:/program files (x86)/atmel/atmel toolchain/avr32 gcc/native/3.4.1067/avr32-gnu-toolchain/bin/../lib/gcc/avr32/4.4.7/ucr2\libgcc.a
                0xffffffff                __max_heap_size__ = 0xffffffff
                [0xffffffff]                __heap_size__ = DEFINED (__heap_size__)?__heap_size__:__max_heap_size__
                [0x00001000]                __stack_size__ = DEFINED (__stack_size__)?__stack_size__:0x1000
                0x80000000                PROVIDE (__executable_start, 0x80000000)
                0x80000000                . = 0x80000000

.interp
 *(.interp)

.reset          0x80000000     0x2008
 *(.reset)
 .reset         0x80000000        0x4 src/ASF/avr32/utils/startup/startup_uc3.o
                                  0x8 (size before relaxing)
                0x80000000                _start
 .reset         0x80000004     0x2004 src/ASF/avr32/utils/startup/trampoline_uc3.o
                               0x2008 (size before relaxing)
                0x80000004                _trampoline

.hash
 *(.hash)

.dynsym
 *(.dynsym)

.dynstr
 *(.dynstr)

.gnu.version
 *(.gnu.version)

.gnu.version_d
 *(.gnu.version_d)

.gnu.version_r
 *(.gnu.version_r)

.rel.init
 *(.rel.init)

.rela.init
 *(.rela.init)

.rel.text
 *(.rel.text .rel.text.* .rel.gnu.linkonce.t.*)

.rela.text
 *(.rela.text .rela.text.* .rela.gnu.linkonce.t.*)

.rel.fini
 *(.rel.fini)

.rela.fini
 *(.rela.fini)

.rel.rodata
 *(.rel.rodata .rel.rodata.* .rel.gnu.linkonce.r.*)

.rela.rodata
 *(.rela.rodata .rela.rodata.* .rela.gnu.linkonce.r.*)

.rel.data.rel.ro
 *(.rel.data.rel.ro*)

.rela.data.rel.ro
 *(.rel.data.rel.ro*)

.rel.data
 *(.rel.data .rel.data.* .rel.gnu.linkonce.d.*)

.rela.data
 *(.rela.data .rela.data.* .rela.gnu.linkonce.d.*)

.rel.tdata
 *(.rel.tdata .rel.tdata.* .rel.gnu.linkonce.td.*)

.rela.tdata
 *(.rela.tdata .rela.tdata.* .rela.gnu.linkonce.td.*)

.rel.tbss
 *(.rel.tbss .rel.tbss.* .rel.gnu.linkonce.tb.*)

.rela.tbss
 *(.rela.tbss .rela.tbss.* .rela.gnu.linkonce.tb.*)

.rel.ctors
 *(.rel.ctors)

.rela.ctors
 *(.rela.ctors)

.rel.dtors
 *(.rel.dtors)

.rela.dtors
 *(.rela.dtors)

.rel.got
 *(.rel.got)

.rela.got       0x80002008        0x0
 *(.rela.got)
 .rela.got      0x80002008        0x0 src/ASF/avr32/drivers/flashc/flashc.o

.rel.bss
 *(.rel.bss .rel.bss.* .rel.gnu.linkonce.b.*)

.rela.bss
 *(.rela.bss .rela.bss.* .rela.gnu.linkonce.b.*)

.rel.plt
 *(.rel.plt)

.rela.plt
 *(.rela.plt)

.init
 *(.init)

.plt
 *(.plt)

.text           0x80002008      0x2e4
 *(.text .stub .text.* .gnu.linkonce.t.*)
 .text.board_init
                0x80002008       0x94 src/ASF/avr32/boards/evk1100/init.o
                                 0xd0 (size before relaxing)
                0x80002008                board_init
 .text.gpio_enable_module_pin
                0x8000209c       0x50 src/ASF/avr32/drivers/gpio/gpio.o
                0x8000209c                gpio_enable_module_pin
 .text.gpio_enable_module
                0x800020ec       0x28 src/ASF/avr32/drivers/gpio/gpio.o
                                 0x30 (size before relaxing)
                0x800020ec                gpio_enable_module
 .text.gpio_enable_gpio_pin
                0x80002114       0x16 src/ASF/avr32/drivers/gpio/gpio.o
                0x80002114                gpio_enable_gpio_pin
 .text.gpio_configure_pin
                0x8000212a       0x80 src/ASF/avr32/drivers/gpio/gpio.o
                0x8000212a                gpio_configure_pin
 .text.gpio_get_pin_value
                0x800021aa       0x16 src/ASF/avr32/drivers/gpio/gpio.o
                0x800021aa                gpio_get_pin_value
 .text.gpio_set_pin_high
                0x800021c0       0x14 src/ASF/avr32/drivers/gpio/gpio.o
                0x800021c0                gpio_set_pin_high
 .text.gpio_set_pin_low
                0x800021d4       0x14 src/ASF/avr32/drivers/gpio/gpio.o
                0x800021d4                gpio_set_pin_low
 .text._get_interrupt_handler
                0x800021e8       0x34 src/ASF/avr32/drivers/intc/intc.o
                                 0x38 (size before relaxing)
                0x800021e8                _get_interrupt_handler
 .text.pm_switch_to_osc0
                0x8000221c       0x5a src/ASF/avr32/drivers/pm/pm.o
                0x8000221c                pm_switch_to_osc0
 *fill*         0x80002276        0x2 d703d703
 .text._stext   0x80002278       0x3c src/ASF/avr32/utils/startup/startup_uc3.o
                                 0x50 (size before relaxing)
                0x80002278                _stext
 .text.main     0x800022b4       0x38 src/main.o
                                 0x68 (size before relaxing)
                0x800022b4                main
 *(.text.*personality*)
 *(.gnu.warning)

.exception      0x80002400      0x200
 .exception     0x80002400      0x200 src/ASF/avr32/drivers/intc/exception.o
                0x80002400                _evba
                0x80002504                _int0
                0x80002510                _int1
                0x8000251c                _int2
                0x80002528                _int3

.fini
 *(.fini)
                0x80002600                PROVIDE (__etext, .)
                0x80002600                PROVIDE (_etext, .)
                0x80002600                PROVIDE (etext, .)

.rodata         0x80002600      0x110
 *(.rodata .rodata.* .gnu.linkonce.r.*)
 .rodata.SD_MMC_SPI_GPIO_MAP.10564
                0x80002600       0x20 src/ASF/avr32/boards/evk1100/init.o
 .rodata.COMPORT0_GPIO_MAP.10567
                0x80002620       0x10 src/ASF/avr32/boards/evk1100/init.o
 .rodata.COMPORT_GPIO_MAP.10566
                0x80002630       0x10 src/ASF/avr32/boards/evk1100/init.o
 .rodata.TWI_GPIO_MAP.10565
                0x80002640       0x10 src/ASF/avr32/boards/evk1100/init.o
 .rodata.AT45DBX_SPI_GPIO_MAP.10563
                0x80002650       0x20 src/ASF/avr32/boards/evk1100/init.o
 .rodata._int_handler_table
                0x80002670       0xa0 src/ASF/avr32/drivers/intc/intc.o

.rodata1
 *(.rodata1)

.eh_frame_hdr
 *(.eh_frame_hdr)

.eh_frame
 *(.eh_frame)

.gcc_except_table
 *(.gcc_except_table)
 *(.gcc_except_table.*)

.lalign         0x80002710        0x0
                0x80002710                . = ALIGN (0x8)
                0x80002710                PROVIDE (_data_lma, .)
                0x00000004                . = ORIGIN (INTRAM)

.dalign         0x00000004        0x4
                0x00000008                . = ALIGN (0x8)
 *fill*         0x00000004        0x4 
                0x00000008                PROVIDE (_data, .)

.eh_frame
 *(.eh_frame)

.gcc_except_table
 *(.gcc_except_table)
 *(.gcc_except_table.*)

.tdata
 *(.tdata .tdata.* .gnu.linkonce.td.*)

.tbss
 *(.tbss .tbss.* .gnu.linkonce.tb.*)
 *(.tcommon)
                0x00000008                PROVIDE (__preinit_array_start, ALIGN (0x4))

.preinit_array
 *(.preinit_array)
                0x00000008                PROVIDE (__preinit_array_end, .)
                0x00000008                PROVIDE (__init_array_start, .)

.init_array
 *(.init_array)
                0x00000008                PROVIDE (__init_array_end, .)
                0x00000008                PROVIDE (__fini_array_start, .)

.fini_array
 *(.fini_array)
                0x00000008                PROVIDE (__fini_array_end, .)

.ctors
 *crtbegin*.o(.ctors)
 *(EXCLUDE_FILE(*crtend*.o) .ctors)
 *(SORT(.ctors.*))
 *(.ctors)

.dtors
 *crtbegin*.o(.dtors)
 *(EXCLUDE_FILE(*crtend*.o) .dtors)
 *(SORT(.dtors.*))
 *(.dtors)

.jcr
 *(.jcr)

.data.rel.ro
 *(.data.rel.ro.local)
 *(.data.rel.ro*)

.dynamic
 *(.dynamic)

.got
 *(.got.plt)
 *(.got)

.ramtext
 *(.ramtext .ramtext.*)

.ddalign        0x00000008        0x0 load address 0x80002710
                0x00000008                . = ALIGN (0x8)

.data
 *(.data .data.* .gnu.linkonce.d.*)
 *(.gnu.linkonce.d.*personality*)

.data1
 *(.data1)

.balign         0x00000008        0x0 load address 0x80002710
                0x00000008                . = ALIGN (0x8)
                0x00000008                PROVIDE (_edata, .)
                0x00000008                PROVIDE (edata, .)
                0x00000008                __bss_start = .

.bss            0x00000008       0xf0
 *(.dynbss)
 *(.bss .bss.* .gnu.linkonce.b.*)
 .bss._int_line_handler_table_6
                0x00000008        0x4 src/ASF/avr32/drivers/intc/intc.o
 .bss._int_line_handler_table_7
                0x0000000c        0x4 src/ASF/avr32/drivers/intc/intc.o
 .bss._int_line_handler_table_8
                0x00000010        0x4 src/ASF/avr32/drivers/intc/intc.o
 .bss._int_line_handler_table_9
                0x00000014        0x4 src/ASF/avr32/drivers/intc/intc.o
 .bss._int_line_handler_table_10
                0x00000018        0x4 src/ASF/avr32/drivers/intc/intc.o
 .bss._int_line_handler_table_11
                0x0000001c        0x4 src/ASF/avr32/drivers/intc/intc.o
 .bss._int_line_handler_table_12
                0x00000020        0x4 src/ASF/avr32/drivers/intc/intc.o
 .bss._int_line_handler_table_13
                0x00000024        0x4 src/ASF/avr32/drivers/intc/intc.o
 .bss._int_line_handler_table_14
                0x00000028        0xc src/ASF/avr32/drivers/intc/intc.o
 .bss._int_line_handler_table_15
                0x00000034        0x4 src/ASF/avr32/drivers/intc/intc.o
 .bss._int_line_handler_table_16
                0x00000038        0x4 src/ASF/avr32/drivers/intc/intc.o
 .bss._int_line_handler_table_17
                0x0000003c        0x4 src/ASF/avr32/drivers/intc/intc.o
 .bss._int_line_handler_table_18
                0x00000040        0x4 src/ASF/avr32/drivers/intc/intc.o
 .bss._int_line_handler_table_19
                0x00000044        0x4 src/ASF/avr32/drivers/intc/intc.o
 .bss._int_line_handler_table_0
                0x00000048        0x4 src/ASF/avr32/drivers/intc/intc.o
 .bss._int_line_handler_table_1
                0x0000004c       0x2c src/ASF/avr32/drivers/intc/intc.o
 .bss._int_line_handler_table_2
                0x00000078       0x38 src/ASF/avr32/drivers/intc/intc.o
 .bss._int_line_handler_table_3
                0x000000b0       0x3c src/ASF/avr32/drivers/intc/intc.o
 .bss._int_line_handler_table_4
                0x000000ec        0x4 src/ASF/avr32/drivers/intc/intc.o
 .bss._int_line_handler_table_5
                0x000000f0        0x4 src/ASF/avr32/drivers/intc/intc.o
 *(COMMON)
                0x000000f8                . = ALIGN (0x8)
 *fill*         0x000000f4        0x4 
                0x000000f8                . = ALIGN (0x8)
                0x000000f8                _end = .
                0x000000f8                PROVIDE (end, .)
                0x000000f8                __heap_start__ = ALIGN (0x8)

.heap           0x000000f8     0xef08
 *(.heap)
                0x0000ef08                . = (__heap_size__ == __max_heap_size__)?(((ORIGIN (INTRAM) + 0xfffc) - __stack_size__) - ABSOLUTE (.)):__heap_size__
 *fill*         0x000000f8     0xef08 
                0x0000f000                __heap_end__ = .

.stab
 *(.stab)

.stabstr
 *(.stabstr)

.stab.excl
 *(.stab.excl)

.stab.exclstr
 *(.stab.exclstr)

.stab.index
 *(.stab.index)

.stab.indexstr
 *(.stab.indexstr)

.comment        0x00000000       0x30
 *(.comment)
 .comment       0x00000000       0x30 src/ASF/avr32/boards/evk1100/init.o
                                 0x31 (size before relaxing)
 .comment       0x00000000       0x31 src/ASF/avr32/drivers/gpio/gpio.o
 .comment       0x00000000       0x31 src/ASF/avr32/drivers/intc/intc.o
 .comment       0x00000000       0x31 src/ASF/avr32/drivers/pm/pm.o
 .comment       0x00000000       0x31 src/main.o

.debug
 *(.debug)

.line
 *(.line)

.debug_srcinfo
 *(.debug_srcinfo)

.debug_sfnames
 *(.debug_sfnames)

.debug_aranges  0x00000000      0x358
 *(.debug_aranges)
 .debug_aranges
                0x00000000       0x20 src/ASF/avr32/boards/evk1100/init.o
 .debug_aranges
                0x00000020      0x100 src/ASF/avr32/drivers/gpio/gpio.o
 .debug_aranges
                0x00000120       0x20 src/ASF/avr32/drivers/intc/exception.o
 .debug_aranges
                0x00000140       0x38 src/ASF/avr32/drivers/intc/intc.o
 .debug_aranges
                0x00000178      0x178 src/ASF/avr32/drivers/pm/pm.o
 .debug_aranges
                0x000002f0       0x28 src/ASF/avr32/utils/startup/startup_uc3.o
 .debug_aranges
                0x00000318       0x20 src/ASF/avr32/utils/startup/trampoline_uc3.o
 .debug_aranges
                0x00000338       0x20 src/main.o

.debug_pubnames
                0x00000000      0x7bc
 *(.debug_pubnames)
 .debug_pubnames
                0x00000000       0x21 src/ASF/avr32/boards/evk1100/init.o
 .debug_pubnames
                0x00000021      0x330 src/ASF/avr32/drivers/gpio/gpio.o
 .debug_pubnames
                0x00000351       0x62 src/ASF/avr32/drivers/intc/intc.o
 .debug_pubnames
                0x000003b3      0x3ee src/ASF/avr32/drivers/pm/pm.o
 .debug_pubnames
                0x000007a1       0x1b src/main.o

.debug_info     0x00000000     0x4019
 *(.debug_info .gnu.linkonce.wi.*)
 .debug_info    0x00000000      0x16b src/ASF/avr32/boards/evk1100/init.o
 .debug_info    0x0000016b      0xb4e src/ASF/avr32/drivers/gpio/gpio.o
 .debug_info    0x00000cb9       0x99 src/ASF/avr32/drivers/intc/exception.o
 .debug_info    0x00000d52      0x5b1 src/ASF/avr32/drivers/intc/intc.o
 .debug_info    0x00001303     0x1d71 src/ASF/avr32/drivers/pm/pm.o
 .debug_info    0x00003074       0x98 src/ASF/avr32/utils/startup/startup_uc3.o
 .debug_info    0x0000310c       0x9f src/ASF/avr32/utils/startup/trampoline_uc3.o
 .debug_info    0x000031ab      0xe6e src/main.o

.debug_abbrev   0x00000000      0xaaa
 *(.debug_abbrev)
 .debug_abbrev  0x00000000       0xae src/ASF/avr32/boards/evk1100/init.o
 .debug_abbrev  0x000000ae      0x2f5 src/ASF/avr32/drivers/gpio/gpio.o
 .debug_abbrev  0x000003a3       0x14 src/ASF/avr32/drivers/intc/exception.o
 .debug_abbrev  0x000003b7      0x1f2 src/ASF/avr32/drivers/intc/intc.o
 .debug_abbrev  0x000005a9      0x389 src/ASF/avr32/drivers/pm/pm.o
 .debug_abbrev  0x00000932       0x12 src/ASF/avr32/utils/startup/startup_uc3.o
 .debug_abbrev  0x00000944       0x14 src/ASF/avr32/utils/startup/trampoline_uc3.o
 .debug_abbrev  0x00000958      0x152 src/main.o

.debug_line     0x00000000     0x36d7
 *(.debug_line)
 .debug_line    0x00000000      0x7c9 src/ASF/avr32/boards/evk1100/init.o
 .debug_line    0x000007c9      0xd2f src/ASF/avr32/drivers/gpio/gpio.o
 .debug_line    0x000014f8      0x109 src/ASF/avr32/drivers/intc/exception.o
 .debug_line    0x00001601      0x775 src/ASF/avr32/drivers/intc/intc.o
 .debug_line    0x00001d76      0xe56 src/ASF/avr32/drivers/pm/pm.o
 .debug_line    0x00002bcc       0xf2 src/ASF/avr32/utils/startup/startup_uc3.o
 .debug_line    0x00002cbe       0x67 src/ASF/avr32/utils/startup/trampoline_uc3.o
 .debug_line    0x00002d25      0x9b2 src/main.o

.debug_frame    0x00000000      0x5a0
 *(.debug_frame)
 .debug_frame   0x00000000       0x28 src/ASF/avr32/boards/evk1100/init.o
 .debug_frame   0x00000028      0x1fc src/ASF/avr32/drivers/gpio/gpio.o
 .debug_frame   0x00000224       0x60 src/ASF/avr32/drivers/intc/intc.o
 .debug_frame   0x00000284      0x2f4 src/ASF/avr32/drivers/pm/pm.o
 .debug_frame   0x00000578       0x28 src/main.o

.debug_str      0x00000000     0x10c7
 *(.debug_str)
 .debug_str     0x00000000      0x153 src/ASF/avr32/boards/evk1100/init.o
                                0x18c (size before relaxing)
 .debug_str     0x00000153      0x418 src/ASF/avr32/drivers/gpio/gpio.o
                                0x535 (size before relaxing)
 .debug_str     0x0000056b      0x37d src/ASF/avr32/drivers/intc/intc.o
                                0x489 (size before relaxing)
 .debug_str     0x000008e8      0x7c1 src/ASF/avr32/drivers/pm/pm.o
                                0x9a1 (size before relaxing)
 .debug_str     0x000010a9       0x1e src/main.o
                                0x47d (size before relaxing)

.debug_loc      0x00000000      0x83a
 *(.debug_loc)
 .debug_loc     0x00000000       0x1f src/ASF/avr32/boards/evk1100/init.o
 .debug_loc     0x0000001f      0x3d6 src/ASF/avr32/drivers/gpio/gpio.o
 .debug_loc     0x000003f5       0x89 src/ASF/avr32/drivers/intc/intc.o
 .debug_loc     0x0000047e      0x39d src/ASF/avr32/drivers/pm/pm.o
 .debug_loc     0x0000081b       0x1f src/main.o

.debug_macinfo  0x00000000   0x4a3f67
 *(.debug_macinfo)
 .debug_macinfo
                0x00000000    0xeeb50 src/ASF/avr32/boards/evk1100/init.o
 .debug_macinfo
                0x000eeb50    0xec695 src/ASF/avr32/drivers/gpio/gpio.o
 .debug_macinfo
                0x001db1e5    0xec742 src/ASF/avr32/drivers/intc/intc.o
 .debug_macinfo
                0x002c7927    0xec4ff src/ASF/avr32/drivers/pm/pm.o
 .debug_macinfo
                0x003b3e26    0xf0141 src/main.o

.debug_weaknames
 *(.debug_weaknames)

.debug_funcnames
 *(.debug_funcnames)

.debug_typenames
 *(.debug_typenames)

.debug_varnames
 *(.debug_varnames)

.stack          0x0000f000     0x1000
                0x0000f000                _stack = .
 *(.stack)
                0x00001000                . = __stack_size__
 *fill*         0x0000f000     0x1000 
                0x00010000                _estack = .

.userpage
 *(.userpage .userpage.*)

/DISCARD/
 *(.note.GNU-stack)
OUTPUT(Task2.elf elf32-avr32)

.debug_ranges   0x00000000      0x470
 .debug_ranges  0x00000000       0x18 src/ASF/avr32/boards/evk1100/init.o
 .debug_ranges  0x00000018      0x178 src/ASF/avr32/drivers/gpio/gpio.o
 .debug_ranges  0x00000190       0x48 src/ASF/avr32/drivers/intc/intc.o
 .debug_ranges  0x000001d8      0x248 src/ASF/avr32/drivers/pm/pm.o
 .debug_ranges  0x00000420       0x20 src/ASF/avr32/utils/startup/startup_uc3.o
 .debug_ranges  0x00000440       0x30 src/main.o
