Archive member included because of file (symbol)

c:/program files (x86)/atmel/atmel toolchain/avr32 gcc/native/3.4.1067/avr32-gnu-toolchain/bin/../lib/gcc/avr32/4.4.7/../../../../avr32/lib/ucr2\libc.a(lib_a-memcpy.o)
                              src/ASF/avr32/drivers/flashc/flashc.o (memcpy)

Discarded input sections

 .text          0x00000000        0x0 src/ASF/avr32/drivers/flashc/flashc.o
 .data          0x00000000        0x0 src/ASF/avr32/drivers/flashc/flashc.o
 .bss           0x00000000        0x0 src/ASF/avr32/drivers/flashc/flashc.o
 .debug_abbrev  0x00000000      0x326 src/ASF/avr32/drivers/flashc/flashc.o
 .debug_info    0x00000000     0x1c08 src/ASF/avr32/drivers/flashc/flashc.o
 .debug_line    0x00000000      0xc4e src/ASF/avr32/drivers/flashc/flashc.o
 .debug_macinfo
                0x00000000    0xec5b7 src/ASF/avr32/drivers/flashc/flashc.o
 .text.flashc_get_flash_size
                0x00000000       0x34 src/ASF/avr32/drivers/flashc/flashc.o
 .text.flashc_get_page_count
                0x00000000       0x10 src/ASF/avr32/drivers/flashc/flashc.o
 .text.flashc_get_page_count_per_region
                0x00000000       0x10 src/ASF/avr32/drivers/flashc/flashc.o
 .text.flashc_get_region_first_page_number
                0x00000000       0x14 src/ASF/avr32/drivers/flashc/flashc.o
 .text.flashc_get_wait_state
                0x00000000        0xc src/ASF/avr32/drivers/flashc/flashc.o
 .text.flashc_set_wait_state
                0x00000000        0xe src/ASF/avr32/drivers/flashc/flashc.o
 .text.flashc_set_bus_freq
                0x00000000       0x24 src/ASF/avr32/drivers/flashc/flashc.o
 .text.flashc_is_ready_int_enabled
                0x00000000        0xc src/ASF/avr32/drivers/flashc/flashc.o
 .text.flashc_enable_ready_int
                0x00000000        0xe src/ASF/avr32/drivers/flashc/flashc.o
 .text.flashc_is_lock_error_int_enabled
                0x00000000        0xc src/ASF/avr32/drivers/flashc/flashc.o
 .text.flashc_enable_lock_error_int
                0x00000000        0xe src/ASF/avr32/drivers/flashc/flashc.o
 .text.flashc_is_prog_error_int_enabled
                0x00000000        0xc src/ASF/avr32/drivers/flashc/flashc.o
 .text.flashc_enable_prog_error_int
                0x00000000        0xe src/ASF/avr32/drivers/flashc/flashc.o
 .text.flashc_is_ready
                0x00000000        0xc src/ASF/avr32/drivers/flashc/flashc.o
 .text.flashc_default_wait_until_ready
                0x00000000       0x10 src/ASF/avr32/drivers/flashc/flashc.o
 .text.flashc_is_lock_error
                0x00000000       0x10 src/ASF/avr32/drivers/flashc/flashc.o
 .text.flashc_is_programming_error
                0x00000000       0x10 src/ASF/avr32/drivers/flashc/flashc.o
 .text.flashc_get_command
                0x00000000        0xc src/ASF/avr32/drivers/flashc/flashc.o
 .text.flashc_get_page_number
                0x00000000        0xc src/ASF/avr32/drivers/flashc/flashc.o
 .text.flashc_get_page_region
                0x00000000       0x28 src/ASF/avr32/drivers/flashc/flashc.o
 .text.flashc_issue_command
                0x00000000       0x48 src/ASF/avr32/drivers/flashc/flashc.o
 .text.flashc_no_operation
                0x00000000       0x10 src/ASF/avr32/drivers/flashc/flashc.o
 .text.flashc_erase_all
                0x00000000       0x10 src/ASF/avr32/drivers/flashc/flashc.o
 .text.flashc_is_security_bit_active
                0x00000000        0xc src/ASF/avr32/drivers/flashc/flashc.o
 .text.flashc_activate_security_bit
                0x00000000       0x10 src/ASF/avr32/drivers/flashc/flashc.o
 .text.flashc_is_region_locked
                0x00000000       0x1a src/ASF/avr32/drivers/flashc/flashc.o
 .text.flashc_is_page_region_locked
                0x00000000       0x14 src/ASF/avr32/drivers/flashc/flashc.o
 .text.flashc_lock_page_region
                0x00000000       0x1c src/ASF/avr32/drivers/flashc/flashc.o
 .text.flashc_lock_region
                0x00000000       0x1c src/ASF/avr32/drivers/flashc/flashc.o
 .text.flashc_lock_all_regions
                0x00000000       0x2c src/ASF/avr32/drivers/flashc/flashc.o
 .text.flashc_read_all_gp_fuses
                0x00000000       0x26 src/ASF/avr32/drivers/flashc/flashc.o
 .text.flashc_read_gp_fuse_byte
                0x00000000       0x44 src/ASF/avr32/drivers/flashc/flashc.o
 .text.flashc_read_gp_fuse_bitfield
                0x00000000       0x74 src/ASF/avr32/drivers/flashc/flashc.o
 .text.flashc_get_bootloader_protected_size
                0x00000000       0x20 src/ASF/avr32/drivers/flashc/flashc.o
 .text.flashc_read_gp_fuse_bit
                0x00000000       0x3c src/ASF/avr32/drivers/flashc/flashc.o
 .text.flashc_is_external_privileged_fetch_locked
                0x00000000       0x14 src/ASF/avr32/drivers/flashc/flashc.o
 .text.flashc_erase_gp_fuse_bit
                0x00000000       0x2c src/ASF/avr32/drivers/flashc/flashc.o
 .text.flashc_erase_gp_fuse_bitfield
                0x00000000       0x8c src/ASF/avr32/drivers/flashc/flashc.o
 .text.flashc_erase_all_gp_fuses
                0x00000000       0x30 src/ASF/avr32/drivers/flashc/flashc.o
 .text.flashc_write_gp_fuse_bit
                0x00000000       0x18 src/ASF/avr32/drivers/flashc/flashc.o
 .text.flashc_write_gp_fuse_bitfield
                0x00000000       0x4c src/ASF/avr32/drivers/flashc/flashc.o
 .text.flashc_write_gp_fuse_byte
                0x00000000       0x18 src/ASF/avr32/drivers/flashc/flashc.o
 .text.flashc_erase_gp_fuse_byte
                0x00000000       0x74 src/ASF/avr32/drivers/flashc/flashc.o
 .text.flashc_write_all_gp_fuses
                0x00000000       0x3c src/ASF/avr32/drivers/flashc/flashc.o
 .text.flashc_set_gp_fuse_bit
                0x00000000       0x20 src/ASF/avr32/drivers/flashc/flashc.o
 .text.flashc_lock_external_privileged_fetch
                0x00000000       0x18 src/ASF/avr32/drivers/flashc/flashc.o
 .text.flashc_set_gp_fuse_bitfield
                0x00000000       0x4c src/ASF/avr32/drivers/flashc/flashc.o
 .text.flashc_set_gp_fuse_byte
                0x00000000       0x4c src/ASF/avr32/drivers/flashc/flashc.o
 .text.flashc_set_all_gp_fuses
                0x00000000       0x54 src/ASF/avr32/drivers/flashc/flashc.o
 .text.flashc_clear_page_buffer
                0x00000000       0x10 src/ASF/avr32/drivers/flashc/flashc.o
 .text.flashc_is_page_erased
                0x00000000        0xc src/ASF/avr32/drivers/flashc/flashc.o
 .text.flashc_quick_page_read
                0x00000000       0x18 src/ASF/avr32/drivers/flashc/flashc.o
 .text.flashc_erase_page
                0x00000000       0x38 src/ASF/avr32/drivers/flashc/flashc.o
 .text.flashc_erase_all_pages
                0x00000000       0x48 src/ASF/avr32/drivers/flashc/flashc.o
 .text.flashc_write_page
                0x00000000       0x10 src/ASF/avr32/drivers/flashc/flashc.o
 .text.flashc_quick_user_page_read
                0x00000000       0x18 src/ASF/avr32/drivers/flashc/flashc.o
 .text.flashc_erase_user_page
                0x00000000       0x28 src/ASF/avr32/drivers/flashc/flashc.o
 .text.flashc_write_user_page
                0x00000000       0x10 src/ASF/avr32/drivers/flashc/flashc.o
 .text.flashc_memset64
                0x00000000      0x238 src/ASF/avr32/drivers/flashc/flashc.o
 .text.flashc_memset32
                0x00000000       0x20 src/ASF/avr32/drivers/flashc/flashc.o
 .text.flashc_memset16
                0x00000000       0x10 src/ASF/avr32/drivers/flashc/flashc.o
 .text.flashc_memset8
                0x00000000       0x14 src/ASF/avr32/drivers/flashc/flashc.o
 .text.flashc_memcpy
                0x00000000       0xfc src/ASF/avr32/drivers/flashc/flashc.o
 .text.flashc_set_bootloader_protected_size
                0x00000000       0x54 src/ASF/avr32/drivers/flashc/flashc.o
 .rodata.C.34.10523
                0x00000000       0x10 src/ASF/avr32/drivers/flashc/flashc.o
 .data.flashc_wait_until_ready
                0x00000000        0x4 src/ASF/avr32/drivers/flashc/flashc.o
 .bss.flashc_error_status
                0x00000000        0x4 src/ASF/avr32/drivers/flashc/flashc.o
 .debug_frame   0x00000000      0x6a4 src/ASF/avr32/drivers/flashc/flashc.o
 .debug_loc     0x00000000     0x10b0 src/ASF/avr32/drivers/flashc/flashc.o
 .debug_pubnames
                0x00000000      0x771 src/ASF/avr32/drivers/flashc/flashc.o
 .debug_aranges
                0x00000000      0x218 src/ASF/avr32/drivers/flashc/flashc.o
 .debug_ranges  0x00000000      0x210 src/ASF/avr32/drivers/flashc/flashc.o
 .debug_str     0x00000000      0xc53 src/ASF/avr32/drivers/flashc/flashc.o
 .comment       0x00000000       0x31 src/ASF/avr32/drivers/flashc/flashc.o
 .text          0x00000000        0x0 src/ASF/avr32/drivers/usart/usart.o
 .data          0x00000000        0x0 src/ASF/avr32/drivers/usart/usart.o
 .bss           0x00000000        0x0 src/ASF/avr32/drivers/usart/usart.o
 .text.usart_set_sync_master_baudrate
                0x00000000       0x28 src/ASF/avr32/drivers/usart/usart.o
 .text.usart_spi_selectChip
                0x00000000        0x8 src/ASF/avr32/drivers/usart/usart.o
 .text.usart_spi_unselectChip
                0x00000000       0x1e src/ASF/avr32/drivers/usart/usart.o
 .text.usart_send_address
                0x00000000       0x34 src/ASF/avr32/drivers/usart/usart.o
 .text.usart_read_char
                0x00000000       0x22 src/ASF/avr32/drivers/usart/usart.o
 .text.usart_getchar
                0x00000000       0x2c src/ASF/avr32/drivers/usart/usart.o
 .text.usart_get_echo_line
                0x00000000       0x50 src/ASF/avr32/drivers/usart/usart.o
 .text.usart_init_spi_slave
                0x00000000       0x94 src/ASF/avr32/drivers/usart/usart.o
 .text.usart_init_spi_master
                0x00000000       0xb0 src/ASF/avr32/drivers/usart/usart.o
 .text.usart_init_lin_slave
                0x00000000       0x38 src/ASF/avr32/drivers/usart/usart.o
 .text.usart_init_lin_master
                0x00000000       0x38 src/ASF/avr32/drivers/usart/usart.o
 .text.usart_init_iso7816
                0x00000000       0xa4 src/ASF/avr32/drivers/usart/usart.o
 .text.usart_init_sync_slave
                0x00000000       0xc8 src/ASF/avr32/drivers/usart/usart.o
 .text.usart_init_sync_master
                0x00000000       0xdc src/ASF/avr32/drivers/usart/usart.o
 .text.usart_init_rs232_tx_only
                0x00000000       0xd4 src/ASF/avr32/drivers/usart/usart.o
 .text.usart_init_IrDA
                0x00000000       0x34 src/ASF/avr32/drivers/usart/usart.o
 .text.usart_init_rs485
                0x00000000       0x24 src/ASF/avr32/drivers/usart/usart.o
 .text.usart_init_modem
                0x00000000       0x24 src/ASF/avr32/drivers/usart/usart.o
 .text.usart_init_hw_handshaking
                0x00000000       0x24 src/ASF/avr32/drivers/usart/usart.o
 .rodata.str1.4
                0x00000000        0xc src/ASF/avr32/drivers/usart/usart.o
 .text          0x00000000        0x0 src/ASF/common/services/serial/usart_serial.o
 .data          0x00000000        0x0 src/ASF/common/services/serial/usart_serial.o
 .bss           0x00000000        0x0 src/ASF/common/services/serial/usart_serial.o
 .debug_abbrev  0x00000000      0x192 src/ASF/common/services/serial/usart_serial.o
 .debug_info    0x00000000     0x141e src/ASF/common/services/serial/usart_serial.o
 .debug_line    0x00000000      0x8ab src/ASF/common/services/serial/usart_serial.o
 .debug_macinfo
                0x00000000    0xefd62 src/ASF/common/services/serial/usart_serial.o
 .text.usart_serial_read_packet
                0x00000000       0x24 src/ASF/common/services/serial/usart_serial.o
 .text.usart_serial_write_packet
                0x00000000       0x2c src/ASF/common/services/serial/usart_serial.o
 .debug_frame   0x00000000       0x5c src/ASF/common/services/serial/usart_serial.o
 .debug_loc     0x00000000      0x108 src/ASF/common/services/serial/usart_serial.o
 .debug_pubnames
                0x00000000       0x4d src/ASF/common/services/serial/usart_serial.o
 .debug_aranges
                0x00000000       0x28 src/ASF/common/services/serial/usart_serial.o
 .debug_ranges  0x00000000       0x20 src/ASF/common/services/serial/usart_serial.o
 .debug_str     0x00000000      0x691 src/ASF/common/services/serial/usart_serial.o
 .comment       0x00000000       0x31 src/ASF/common/services/serial/usart_serial.o
 .text          0x00000000        0x0 src/ASF/common/services/clock/uc3a0_a1/sysclk.o
 .data          0x00000000        0x0 src/ASF/common/services/clock/uc3a0_a1/sysclk.o
 .bss           0x00000000        0x0 src/ASF/common/services/clock/uc3a0_a1/sysclk.o
 .text.sysclk_priv_disable_module
                0x00000000       0x32 src/ASF/common/services/clock/uc3a0_a1/sysclk.o
 .text.sysclk_disable_pbb_module
                0x00000000       0x3c src/ASF/common/services/clock/uc3a0_a1/sysclk.o
 .text.sysclk_disable_usb
                0x00000000       0x24 src/ASF/common/services/clock/uc3a0_a1/sysclk.o
 .text.sysclk_priv_enable_module
                0x00000000       0x30 src/ASF/common/services/clock/uc3a0_a1/sysclk.o
 .text.sysclk_enable_pbb_module
                0x00000000       0x44 src/ASF/common/services/clock/uc3a0_a1/sysclk.o
 .text.sysclk_enable_usb
                0x00000000       0x8c src/ASF/common/services/clock/uc3a0_a1/sysclk.o
 .bss.sysclk_pbb_refcount
                0x00000000        0x1 src/ASF/common/services/clock/uc3a0_a1/sysclk.o
 .text          0x00000000        0x0 src/ASF/avr32/boards/evk1100/init.o
 .data          0x00000000        0x0 src/ASF/avr32/boards/evk1100/init.o
 .bss           0x00000000        0x0 src/ASF/avr32/boards/evk1100/init.o
 .text          0x00000000        0x0 src/ASF/avr32/boards/evk1100/led.o
 .data          0x00000000        0x0 src/ASF/avr32/boards/evk1100/led.o
 .bss           0x00000000        0x0 src/ASF/avr32/boards/evk1100/led.o
 .text.LED_Read_Display
                0x00000000        0xc src/ASF/avr32/boards/evk1100/led.o
 .text.LED_Display
                0x00000000       0x54 src/ASF/avr32/boards/evk1100/led.o
 .text.LED_Read_Display_Mask
                0x00000000        0xc src/ASF/avr32/boards/evk1100/led.o
 .text.LED_Set_Intensity
                0x00000000       0xa8 src/ASF/avr32/boards/evk1100/led.o
 .text.LED_Get_Intensity
                0x00000000       0x3c src/ASF/avr32/boards/evk1100/led.o
 .text.LED_Read_Display_Field
                0x00000000       0x18 src/ASF/avr32/boards/evk1100/led.o
 .text.LED_Toggle
                0x00000000       0x50 src/ASF/avr32/boards/evk1100/led.o
 .text.LED_Display_Mask
                0x00000000       0x74 src/ASF/avr32/boards/evk1100/led.o
 .text.LED_Display_Field
                0x00000000       0x18 src/ASF/avr32/boards/evk1100/led.o
 .text          0x00000000        0x0 src/ASF/avr32/drivers/gpio/gpio.o
 .data          0x00000000        0x0 src/ASF/avr32/drivers/gpio/gpio.o
 .bss           0x00000000        0x0 src/ASF/avr32/drivers/gpio/gpio.o
 .text.gpio_enable_gpio
                0x00000000       0x28 src/ASF/avr32/drivers/gpio/gpio.o
 .text.gpio_enable_pin_pull_up
                0x00000000       0x16 src/ASF/avr32/drivers/gpio/gpio.o
 .text.gpio_disable_pin_pull_up
                0x00000000       0x16 src/ASF/avr32/drivers/gpio/gpio.o
 .text.gpio_configure_group
                0x00000000       0x6e src/ASF/avr32/drivers/gpio/gpio.o
 .text.gpio_get_pin_value
                0x00000000       0x16 src/ASF/avr32/drivers/gpio/gpio.o
 .text.gpio_get_gpio_pin_output_value
                0x00000000       0x16 src/ASF/avr32/drivers/gpio/gpio.o
 .text.gpio_get_gpio_open_drain_pin_output_value
                0x00000000       0x1a src/ASF/avr32/drivers/gpio/gpio.o
 .text.gpio_set_gpio_pin
                0x00000000       0x1c src/ASF/avr32/drivers/gpio/gpio.o
 .text.gpio_set_pin_high
                0x00000000       0x16 src/ASF/avr32/drivers/gpio/gpio.o
 .text.gpio_set_group_high
                0x00000000        0xc src/ASF/avr32/drivers/gpio/gpio.o
 .text.gpio_clr_gpio_pin
                0x00000000       0x1c src/ASF/avr32/drivers/gpio/gpio.o
 .text.gpio_set_group_low
                0x00000000        0xc src/ASF/avr32/drivers/gpio/gpio.o
 .text.gpio_tgl_gpio_pin
                0x00000000       0x1c src/ASF/avr32/drivers/gpio/gpio.o
 .text.gpio_toggle_pin
                0x00000000       0x16 src/ASF/avr32/drivers/gpio/gpio.o
 .text.gpio_toggle_group
                0x00000000        0xc src/ASF/avr32/drivers/gpio/gpio.o
 .text.gpio_set_gpio_open_drain_pin
                0x00000000       0x18 src/ASF/avr32/drivers/gpio/gpio.o
 .text.gpio_clr_gpio_open_drain_pin
                0x00000000       0x1c src/ASF/avr32/drivers/gpio/gpio.o
 .text.gpio_tgl_gpio_open_drain_pin
                0x00000000       0x1c src/ASF/avr32/drivers/gpio/gpio.o
 .text.gpio_enable_pin_glitch_filter
                0x00000000       0x16 src/ASF/avr32/drivers/gpio/gpio.o
 .text.gpio_disable_pin_glitch_filter
                0x00000000       0x16 src/ASF/avr32/drivers/gpio/gpio.o
 .text.gpio_disable_pin_interrupt
                0x00000000       0x16 src/ASF/avr32/drivers/gpio/gpio.o
 .text          0x00000000        0x0 src/ASF/avr32/drivers/intc/exception.o
 .data          0x00000000        0x0 src/ASF/avr32/drivers/intc/exception.o
 .bss           0x00000000        0x0 src/ASF/avr32/drivers/intc/exception.o
 .text          0x00000000        0x0 src/ASF/avr32/drivers/intc/intc.o
 .data          0x00000000        0x0 src/ASF/avr32/drivers/intc/intc.o
 .bss           0x00000000        0x0 src/ASF/avr32/drivers/intc/intc.o
 .text          0x00000000        0x0 src/ASF/avr32/utils/startup/startup_uc3.o
 .data          0x00000000        0x0 src/ASF/avr32/utils/startup/startup_uc3.o
 .bss           0x00000000        0x0 src/ASF/avr32/utils/startup/startup_uc3.o
 .text          0x00000000        0x0 src/ASF/avr32/utils/startup/trampoline_uc3.o
 .data          0x00000000        0x0 src/ASF/avr32/utils/startup/trampoline_uc3.o
 .bss           0x00000000        0x0 src/ASF/avr32/utils/startup/trampoline_uc3.o
 .text          0x00000000        0x0 src/main.o
 .data          0x00000000        0x0 src/main.o
 .bss           0x00000000        0x0 src/main.o
 .text          0x00000000      0x148 c:/program files (x86)/atmel/atmel toolchain/avr32 gcc/native/3.4.1067/avr32-gnu-toolchain/bin/../lib/gcc/avr32/4.4.7/../../../../avr32/lib/ucr2\libc.a(lib_a-memcpy.o)
 .data          0x00000000        0x0 c:/program files (x86)/atmel/atmel toolchain/avr32 gcc/native/3.4.1067/avr32-gnu-toolchain/bin/../lib/gcc/avr32/4.4.7/../../../../avr32/lib/ucr2\libc.a(lib_a-memcpy.o)
 .bss           0x00000000        0x0 c:/program files (x86)/atmel/atmel toolchain/avr32 gcc/native/3.4.1067/avr32-gnu-toolchain/bin/../lib/gcc/avr32/4.4.7/../../../../avr32/lib/ucr2\libc.a(lib_a-memcpy.o)

Memory Configuration

Name             Origin             Length             Attributes
FLASH            0x80000000         0x00080000         axrl !w
INTRAM           0x00000004         0x0000fffc         axw !rl
USERPAGE         0x80800000         0x00000200
*default*        0x00000000         0xffffffff

Linker script and memory map

                0x00001000                _stack_size = 0x1000
LOAD src/ASF/avr32/drivers/flashc/flashc.o
LOAD src/ASF/avr32/drivers/usart/usart.o
LOAD src/ASF/common/services/serial/usart_serial.o
LOAD src/ASF/common/services/clock/uc3a0_a1/sysclk.o
LOAD src/ASF/avr32/boards/evk1100/init.o
LOAD src/ASF/avr32/boards/evk1100/led.o
LOAD src/ASF/avr32/drivers/gpio/gpio.o
LOAD src/ASF/avr32/drivers/intc/exception.o
LOAD src/ASF/avr32/drivers/intc/intc.o
LOAD src/ASF/avr32/utils/startup/startup_uc3.o
LOAD src/ASF/avr32/utils/startup/trampoline_uc3.o
LOAD src/main.o
START GROUP
LOAD c:/program files (x86)/atmel/atmel toolchain/avr32 gcc/native/3.4.1067/avr32-gnu-toolchain/bin/../lib/gcc/avr32/4.4.7/../../../../avr32/lib/ucr2\libm.a
END GROUP
LOAD c:/program files (x86)/atmel/atmel toolchain/avr32 gcc/native/3.4.1067/avr32-gnu-toolchain/bin/../lib/gcc/avr32/4.4.7/ucr2\libgcc.a
LOAD c:/program files (x86)/atmel/atmel toolchain/avr32 gcc/native/3.4.1067/avr32-gnu-toolchain/bin/../lib/gcc/avr32/4.4.7/../../../../avr32/lib/ucr2\libc.a
LOAD c:/program files (x86)/atmel/atmel toolchain/avr32 gcc/native/3.4.1067/avr32-gnu-toolchain/bin/../lib/gcc/avr32/4.4.7/ucr2\libgcc.a
                0xffffffff                __max_heap_size__ = 0xffffffff
                [0xffffffff]                __heap_size__ = DEFINED (__heap_size__)?__heap_size__:__max_heap_size__
                [0x00001000]                __stack_size__ = DEFINED (__stack_size__)?__stack_size__:0x1000
                0x80000000                PROVIDE (__executable_start, 0x80000000)
                0x80000000                . = 0x80000000

.interp
 *(.interp)

.reset          0x80000000     0x2008
 *(.reset)
 .reset         0x80000000        0x4 src/ASF/avr32/utils/startup/startup_uc3.o
                                  0x8 (size before relaxing)
                0x80000000                _start
 .reset         0x80000004     0x2004 src/ASF/avr32/utils/startup/trampoline_uc3.o
                               0x2008 (size before relaxing)
                0x80000004                _trampoline

.hash
 *(.hash)

.dynsym
 *(.dynsym)

.dynstr
 *(.dynstr)

.gnu.version
 *(.gnu.version)

.gnu.version_d
 *(.gnu.version_d)

.gnu.version_r
 *(.gnu.version_r)

.rel.init
 *(.rel.init)

.rela.init
 *(.rela.init)

.rel.text
 *(.rel.text .rel.text.* .rel.gnu.linkonce.t.*)

.rela.text
 *(.rela.text .rela.text.* .rela.gnu.linkonce.t.*)

.rel.fini
 *(.rel.fini)

.rela.fini
 *(.rela.fini)

.rel.rodata
 *(.rel.rodata .rel.rodata.* .rel.gnu.linkonce.r.*)

.rela.rodata
 *(.rela.rodata .rela.rodata.* .rela.gnu.linkonce.r.*)

.rel.data.rel.ro
 *(.rel.data.rel.ro*)

.rela.data.rel.ro
 *(.rel.data.rel.ro*)

.rel.data
 *(.rel.data .rel.data.* .rel.gnu.linkonce.d.*)

.rela.data
 *(.rela.data .rela.data.* .rela.gnu.linkonce.d.*)

.rel.tdata
 *(.rel.tdata .rel.tdata.* .rel.gnu.linkonce.td.*)

.rela.tdata
 *(.rela.tdata .rela.tdata.* .rela.gnu.linkonce.td.*)

.rel.tbss
 *(.rel.tbss .rel.tbss.* .rel.gnu.linkonce.tb.*)

.rela.tbss
 *(.rela.tbss .rela.tbss.* .rela.gnu.linkonce.tb.*)

.rel.ctors
 *(.rel.ctors)

.rela.ctors
 *(.rela.ctors)

.rel.dtors
 *(.rel.dtors)

.rela.dtors
 *(.rela.dtors)

.rel.got
 *(.rel.got)

.rela.got       0x80002008        0x0
 *(.rela.got)
 .rela.got      0x80002008        0x0 src/ASF/avr32/drivers/flashc/flashc.o

.rel.bss
 *(.rel.bss .rel.bss.* .rel.gnu.linkonce.b.*)

.rela.bss
 *(.rela.bss .rela.bss.* .rela.gnu.linkonce.b.*)

.rel.plt
 *(.rel.plt)

.rela.plt
 *(.rela.plt)

.init
 *(.init)

.plt
 *(.plt)

.text           0x80002008      0x7e0
 *(.text .stub .text.* .gnu.linkonce.t.*)
 .text.usart_set_async_baudrate
                0x80002008       0x5a src/ASF/avr32/drivers/usart/usart.o
 .text.usart_write_char
                0x80002062       0x14 src/ASF/avr32/drivers/usart/usart.o
                0x80002062                usart_write_char
 *fill*         0x80002076        0x2 d703d703
 .text.usart_putchar
                0x80002078       0x2c src/ASF/avr32/drivers/usart/usart.o
                0x80002078                usart_putchar
 .text.usart_write_line
                0x800020a4       0x24 src/ASF/avr32/drivers/usart/usart.o
                0x800020a4                usart_write_line
 .text.usart_reset
                0x800020c8       0x2c src/ASF/avr32/drivers/usart/usart.o
                0x800020c8                usart_reset
 .text.usart_init_rs232
                0x800020f4       0xcc src/ASF/avr32/drivers/usart/usart.o
                0x800020f4                usart_init_rs232
 .text.sysclk_init
                0x800021c0        0x2 src/ASF/common/services/clock/uc3a0_a1/sysclk.o
                0x800021c0                sysclk_init
 *fill*         0x800021c2        0x2 d703d703
 .text.board_init
                0x800021c4       0xd0 src/ASF/avr32/boards/evk1100/init.o
                0x800021c4                board_init
 .text.LED_Test
                0x80002294       0x10 src/ASF/avr32/boards/evk1100/led.o
                0x80002294                LED_Test
 .text.LED_On   0x800022a4       0x50 src/ASF/avr32/boards/evk1100/led.o
                0x800022a4                LED_On
 .text.LED_Off  0x800022f4       0x54 src/ASF/avr32/boards/evk1100/led.o
                0x800022f4                LED_Off
 .text.gpio_enable_module_pin
                0x80002348       0x52 src/ASF/avr32/drivers/gpio/gpio.o
                0x80002348                gpio_enable_module_pin
 *fill*         0x8000239a        0x2 d703d703
 .text.gpio_enable_module
                0x8000239c       0x30 src/ASF/avr32/drivers/gpio/gpio.o
                0x8000239c                gpio_enable_module
 .text.gpio_enable_gpio_pin
                0x800023cc       0x18 src/ASF/avr32/drivers/gpio/gpio.o
                0x800023cc                gpio_enable_gpio_pin
 .text.gpio_configure_pin
                0x800023e4       0xb8 src/ASF/avr32/drivers/gpio/gpio.o
                0x800023e4                gpio_configure_pin
 .text.gpio_set_pin_low
                0x8000249c       0x16 src/ASF/avr32/drivers/gpio/gpio.o
                0x8000249c                gpio_set_pin_low
 .text.gpio_enable_pin_interrupt
                0x800024b2       0x46 src/ASF/avr32/drivers/gpio/gpio.o
                0x800024b2                gpio_enable_pin_interrupt
 .text.gpio_get_pin_interrupt_flag
                0x800024f8       0x18 src/ASF/avr32/drivers/gpio/gpio.o
                0x800024f8                gpio_get_pin_interrupt_flag
 .text.gpio_clear_pin_interrupt_flag
                0x80002510       0x16 src/ASF/avr32/drivers/gpio/gpio.o
                0x80002510                gpio_clear_pin_interrupt_flag
 .text._unhandled_interrupt
                0x80002526        0x2 src/ASF/avr32/drivers/intc/intc.o
 .text.INTC_register_interrupt
                0x80002528       0x80 src/ASF/avr32/drivers/intc/intc.o
                0x80002528                INTC_register_interrupt
 .text.INTC_init_interrupts
                0x800025a8       0x54 src/ASF/avr32/drivers/intc/intc.o
                0x800025a8                INTC_init_interrupts
 .text._get_interrupt_handler
                0x800025fc       0x38 src/ASF/avr32/drivers/intc/intc.o
                0x800025fc                _get_interrupt_handler
 .text._stext   0x80002634       0x3c src/ASF/avr32/utils/startup/startup_uc3.o
                                 0x50 (size before relaxing)
                0x80002634                _stext
 .text.main     0x80002670      0x134 src/main.o
                0x80002670                main
 .text.int_handler
                0x800027a4       0x44 src/main.o
 *(.text.*personality*)
 *(.gnu.warning)

.exception      0x80002800      0x200
 .exception     0x80002800      0x200 src/ASF/avr32/drivers/intc/exception.o
                0x80002800                _evba
                0x80002904                _int0
                0x80002910                _int1
                0x8000291c                _int2
                0x80002928                _int3

.fini
 *(.fini)
                0x80002a00                PROVIDE (__etext, .)
                0x80002a00                PROVIDE (_etext, .)
                0x80002a00                PROVIDE (etext, .)

.rodata         0x80002a00      0x1d0
 *(.rodata .rodata.* .gnu.linkonce.r.*)
 .rodata.SD_MMC_SPI_GPIO_MAP.10564
                0x80002a00       0x20 src/ASF/avr32/boards/evk1100/init.o
 .rodata.COMPORT0_GPIO_MAP.10567
                0x80002a20       0x10 src/ASF/avr32/boards/evk1100/init.o
 .rodata.COMPORT_GPIO_MAP.10566
                0x80002a30       0x10 src/ASF/avr32/boards/evk1100/init.o
 .rodata.TWI_GPIO_MAP.10565
                0x80002a40       0x10 src/ASF/avr32/boards/evk1100/init.o
 .rodata.AT45DBX_SPI_GPIO_MAP.10563
                0x80002a50       0x20 src/ASF/avr32/boards/evk1100/init.o
 .rodata.LED_DESCRIPTOR
                0x80002a70       0x80 src/ASF/avr32/boards/evk1100/led.o
 .rodata._int_handler_table
                0x80002af0       0xa0 src/ASF/avr32/drivers/intc/intc.o
 .rodata.str1.4
                0x80002b90       0x30 src/main.o
 .rodata.USART_GPIO_MAP.11605
                0x80002bc0       0x10 src/main.o

.rodata1
 *(.rodata1)

.eh_frame_hdr
 *(.eh_frame_hdr)

.eh_frame
 *(.eh_frame)

.gcc_except_table
 *(.gcc_except_table)
 *(.gcc_except_table.*)

.lalign         0x80002bd0        0x0
                0x80002bd0                . = ALIGN (0x8)
                0x80002bd0                PROVIDE (_data_lma, .)
                0x00000004                . = ORIGIN (INTRAM)

.dalign         0x00000004        0x4
                0x00000008                . = ALIGN (0x8)
 *fill*         0x00000004        0x4 
                0x00000008                PROVIDE (_data, .)

.eh_frame
 *(.eh_frame)

.gcc_except_table
 *(.gcc_except_table)
 *(.gcc_except_table.*)

.tdata
 *(.tdata .tdata.* .gnu.linkonce.td.*)

.tbss
 *(.tbss .tbss.* .gnu.linkonce.tb.*)
 *(.tcommon)
                0x00000008                PROVIDE (__preinit_array_start, ALIGN (0x4))

.preinit_array
 *(.preinit_array)
                0x00000008                PROVIDE (__preinit_array_end, .)
                0x00000008                PROVIDE (__init_array_start, .)

.init_array
 *(.init_array)
                0x00000008                PROVIDE (__init_array_end, .)
                0x00000008                PROVIDE (__fini_array_start, .)

.fini_array
 *(.fini_array)
                0x00000008                PROVIDE (__fini_array_end, .)

.ctors
 *crtbegin*.o(.ctors)
 *(EXCLUDE_FILE(*crtend*.o) .ctors)
 *(SORT(.ctors.*))
 *(.ctors)

.dtors
 *crtbegin*.o(.dtors)
 *(EXCLUDE_FILE(*crtend*.o) .dtors)
 *(SORT(.dtors.*))
 *(.dtors)

.jcr
 *(.jcr)

.data.rel.ro
 *(.data.rel.ro.local)
 *(.data.rel.ro*)

.dynamic
 *(.dynamic)

.got
 *(.got.plt)
 *(.got)

.ramtext
 *(.ramtext .ramtext.*)

.ddalign        0x00000008        0x0 load address 0x80002bd0
                0x00000008                . = ALIGN (0x8)

.data           0x00000008       0x10 load address 0x80002bd0
 *(.data .data.* .gnu.linkonce.d.*)
 .data.LED_State
                0x00000008        0x4 src/ASF/avr32/boards/evk1100/led.o
 .data.usart_options.11606
                0x0000000c        0xc src/main.o
 *(.gnu.linkonce.d.*personality*)

.data1
 *(.data1)

.balign         0x00000018        0x0 load address 0x80002be0
                0x00000018                . = ALIGN (0x8)
                0x00000018                PROVIDE (_edata, .)
                0x00000018                PROVIDE (edata, .)
                0x00000018                __bss_start = .

.bss            0x00000018       0xf0
 *(.dynbss)
 *(.bss .bss.* .gnu.linkonce.b.*)
 .bss._int_line_handler_table_6
                0x00000018        0x4 src/ASF/avr32/drivers/intc/intc.o
 .bss._int_line_handler_table_7
                0x0000001c        0x4 src/ASF/avr32/drivers/intc/intc.o
 .bss._int_line_handler_table_8
                0x00000020        0x4 src/ASF/avr32/drivers/intc/intc.o
 .bss._int_line_handler_table_9
                0x00000024        0x4 src/ASF/avr32/drivers/intc/intc.o
 .bss._int_line_handler_table_10
                0x00000028        0x4 src/ASF/avr32/drivers/intc/intc.o
 .bss._int_line_handler_table_11
                0x0000002c        0x4 src/ASF/avr32/drivers/intc/intc.o
 .bss._int_line_handler_table_12
                0x00000030        0x4 src/ASF/avr32/drivers/intc/intc.o
 .bss._int_line_handler_table_13
                0x00000034        0x4 src/ASF/avr32/drivers/intc/intc.o
 .bss._int_line_handler_table_14
                0x00000038        0xc src/ASF/avr32/drivers/intc/intc.o
 .bss._int_line_handler_table_15
                0x00000044        0x4 src/ASF/avr32/drivers/intc/intc.o
 .bss._int_line_handler_table_16
                0x00000048        0x4 src/ASF/avr32/drivers/intc/intc.o
 .bss._int_line_handler_table_17
                0x0000004c        0x4 src/ASF/avr32/drivers/intc/intc.o
 .bss._int_line_handler_table_18
                0x00000050        0x4 src/ASF/avr32/drivers/intc/intc.o
 .bss._int_line_handler_table_19
                0x00000054        0x4 src/ASF/avr32/drivers/intc/intc.o
 .bss._int_line_handler_table_0
                0x00000058        0x4 src/ASF/avr32/drivers/intc/intc.o
 .bss._int_line_handler_table_1
                0x0000005c       0x2c src/ASF/avr32/drivers/intc/intc.o
 .bss._int_line_handler_table_2
                0x00000088       0x38 src/ASF/avr32/drivers/intc/intc.o
 .bss._int_line_handler_table_3
                0x000000c0       0x3c src/ASF/avr32/drivers/intc/intc.o
 .bss._int_line_handler_table_4
                0x000000fc        0x4 src/ASF/avr32/drivers/intc/intc.o
 .bss._int_line_handler_table_5
                0x00000100        0x4 src/ASF/avr32/drivers/intc/intc.o
 *(COMMON)
                0x00000108                . = ALIGN (0x8)
 *fill*         0x00000104        0x4 
                0x00000108                . = ALIGN (0x8)
                0x00000108                _end = .
                0x00000108                PROVIDE (end, .)
                0x00000108                __heap_start__ = ALIGN (0x8)

.heap           0x00000108     0xeef8
 *(.heap)
                0x0000eef8                . = (__heap_size__ == __max_heap_size__)?(((ORIGIN (INTRAM) + 0xfffc) - __stack_size__) - ABSOLUTE (.)):__heap_size__
 *fill*         0x00000108     0xeef8 
                0x0000f000                __heap_end__ = .

.stab
 *(.stab)

.stabstr
 *(.stabstr)

.stab.excl
 *(.stab.excl)

.stab.exclstr
 *(.stab.exclstr)

.stab.index
 *(.stab.index)

.stab.indexstr
 *(.stab.indexstr)

.comment        0x00000000       0x30
 *(.comment)
 .comment       0x00000000       0x30 src/ASF/avr32/drivers/usart/usart.o
                                 0x31 (size before relaxing)
 .comment       0x00000000       0x31 src/ASF/common/services/clock/uc3a0_a1/sysclk.o
 .comment       0x00000000       0x31 src/ASF/avr32/boards/evk1100/init.o
 .comment       0x00000000       0x31 src/ASF/avr32/boards/evk1100/led.o
 .comment       0x00000000       0x31 src/ASF/avr32/drivers/gpio/gpio.o
 .comment       0x00000000       0x31 src/ASF/avr32/drivers/intc/intc.o
 .comment       0x00000000       0x31 src/main.o

.debug
 *(.debug)

.line
 *(.line)

.debug_srcinfo
 *(.debug_srcinfo)

.debug_sfnames
 *(.debug_sfnames)

.debug_aranges  0x00000000      0x390
 *(.debug_aranges)
 .debug_aranges
                0x00000000       0xe0 src/ASF/avr32/drivers/usart/usart.o
 .debug_aranges
                0x000000e0       0x50 src/ASF/common/services/clock/uc3a0_a1/sysclk.o
 .debug_aranges
                0x00000130       0x20 src/ASF/avr32/boards/evk1100/init.o
 .debug_aranges
                0x00000150       0x78 src/ASF/avr32/boards/evk1100/led.o
 .debug_aranges
                0x000001c8      0x100 src/ASF/avr32/drivers/gpio/gpio.o
 .debug_aranges
                0x000002c8       0x20 src/ASF/avr32/drivers/intc/exception.o
 .debug_aranges
                0x000002e8       0x38 src/ASF/avr32/drivers/intc/intc.o
 .debug_aranges
                0x00000320       0x28 src/ASF/avr32/utils/startup/startup_uc3.o
 .debug_aranges
                0x00000348       0x20 src/ASF/avr32/utils/startup/trampoline_uc3.o
 .debug_aranges
                0x00000368       0x28 src/main.o

.debug_pubnames
                0x00000000      0x7b2
 *(.debug_pubnames)
 .debug_pubnames
                0x00000000      0x227 src/ASF/avr32/drivers/usart/usart.o
 .debug_pubnames
                0x00000227       0xc7 src/ASF/common/services/clock/uc3a0_a1/sysclk.o
 .debug_pubnames
                0x000002ee       0x21 src/ASF/avr32/boards/evk1100/init.o
 .debug_pubnames
                0x0000030f       0xf6 src/ASF/avr32/boards/evk1100/led.o
 .debug_pubnames
                0x00000405      0x330 src/ASF/avr32/drivers/gpio/gpio.o
 .debug_pubnames
                0x00000735       0x62 src/ASF/avr32/drivers/intc/intc.o
 .debug_pubnames
                0x00000797       0x1b src/main.o

.debug_info     0x00000000     0x6ca2
 *(.debug_info .gnu.linkonce.wi.*)
 .debug_info    0x00000000     0x1dcf src/ASF/avr32/drivers/usart/usart.o
 .debug_info    0x00001dcf     0x1678 src/ASF/common/services/clock/uc3a0_a1/sysclk.o
 .debug_info    0x00003447      0x16b src/ASF/avr32/boards/evk1100/init.o
 .debug_info    0x000035b2      0xf01 src/ASF/avr32/boards/evk1100/led.o
 .debug_info    0x000044b3      0xb1b src/ASF/avr32/drivers/gpio/gpio.o
 .debug_info    0x00004fce       0xa5 src/ASF/avr32/drivers/intc/exception.o
 .debug_info    0x00005073      0x5b3 src/ASF/avr32/drivers/intc/intc.o
 .debug_info    0x00005626       0xa4 src/ASF/avr32/utils/startup/startup_uc3.o
 .debug_info    0x000056ca       0xab src/ASF/avr32/utils/startup/trampoline_uc3.o
 .debug_info    0x00005775     0x152d src/main.o

.debug_abbrev   0x00000000      0xfd6
 *(.debug_abbrev)
 .debug_abbrev  0x00000000      0x32d src/ASF/avr32/drivers/usart/usart.o
 .debug_abbrev  0x0000032d      0x2c2 src/ASF/common/services/clock/uc3a0_a1/sysclk.o
 .debug_abbrev  0x000005ef       0xae src/ASF/avr32/boards/evk1100/init.o
 .debug_abbrev  0x0000069d      0x286 src/ASF/avr32/boards/evk1100/led.o
 .debug_abbrev  0x00000923      0x28b src/ASF/avr32/drivers/gpio/gpio.o
 .debug_abbrev  0x00000bae       0x14 src/ASF/avr32/drivers/intc/exception.o
 .debug_abbrev  0x00000bc2      0x1f2 src/ASF/avr32/drivers/intc/intc.o
 .debug_abbrev  0x00000db4       0x12 src/ASF/avr32/utils/startup/startup_uc3.o
 .debug_abbrev  0x00000dc6       0x14 src/ASF/avr32/utils/startup/trampoline_uc3.o
 .debug_abbrev  0x00000dda      0x1fc src/main.o

.debug_line     0x00000000     0x3e74
 *(.debug_line)
 .debug_line    0x00000000      0x98c src/ASF/avr32/drivers/usart/usart.o
 .debug_line    0x0000098c      0x939 src/ASF/common/services/clock/uc3a0_a1/sysclk.o
 .debug_line    0x000012c5      0x764 src/ASF/avr32/boards/evk1100/init.o
 .debug_line    0x00001a29      0x808 src/ASF/avr32/boards/evk1100/led.o
 .debug_line    0x00002231      0x93a src/ASF/avr32/drivers/gpio/gpio.o
 .debug_line    0x00002b6b      0x109 src/ASF/avr32/drivers/intc/exception.o
 .debug_line    0x00002c74      0x707 src/ASF/avr32/drivers/intc/intc.o
 .debug_line    0x0000337b       0xf2 src/ASF/avr32/utils/startup/startup_uc3.o
 .debug_line    0x0000346d       0x67 src/ASF/avr32/utils/startup/trampoline_uc3.o
 .debug_line    0x000034d4      0x9a0 src/main.o

.debug_frame    0x00000000      0x72c
 *(.debug_frame)
 .debug_frame   0x00000000      0x2ac src/ASF/avr32/drivers/usart/usart.o
 .debug_frame   0x000002ac       0xa8 src/ASF/common/services/clock/uc3a0_a1/sysclk.o
 .debug_frame   0x00000354       0x28 src/ASF/avr32/boards/evk1100/init.o
 .debug_frame   0x0000037c       0xf8 src/ASF/avr32/boards/evk1100/led.o
 .debug_frame   0x00000474      0x204 src/ASF/avr32/drivers/gpio/gpio.o
 .debug_frame   0x00000678       0x64 src/ASF/avr32/drivers/intc/intc.o
 .debug_frame   0x000006dc       0x50 src/main.o

.debug_str      0x00000000     0x1ad7
 *(.debug_str)
 .debug_str     0x00000000      0x88f src/ASF/avr32/drivers/usart/usart.o
                                0x914 (size before relaxing)
 .debug_str     0x0000088f      0x68c src/ASF/common/services/clock/uc3a0_a1/sysclk.o
                                0x7e4 (size before relaxing)
 .debug_str     0x00000f1b       0x94 src/ASF/avr32/boards/evk1100/init.o
                                0x198 (size before relaxing)
 .debug_str     0x00000faf      0x3ab src/ASF/avr32/boards/evk1100/led.o
                                0x4d9 (size before relaxing)
 .debug_str     0x0000135a      0x300 src/ASF/avr32/drivers/gpio/gpio.o
                                0x541 (size before relaxing)
 .debug_str     0x0000165a      0x37d src/ASF/avr32/drivers/intc/intc.o
                                0x495 (size before relaxing)
 .debug_str     0x000019d7      0x100 src/main.o
                                0x63b (size before relaxing)

.debug_loc      0x00000000     0x1151
 *(.debug_loc)
 .debug_loc     0x00000000      0x9c5 src/ASF/avr32/drivers/usart/usart.o
 .debug_loc     0x000009c5      0x135 src/ASF/common/services/clock/uc3a0_a1/sysclk.o
 .debug_loc     0x00000afa       0x1f src/ASF/avr32/boards/evk1100/init.o
 .debug_loc     0x00000b19      0x183 src/ASF/avr32/boards/evk1100/led.o
 .debug_loc     0x00000c9c      0x368 src/ASF/avr32/drivers/gpio/gpio.o
 .debug_loc     0x00001004       0xd3 src/ASF/avr32/drivers/intc/intc.o
 .debug_loc     0x000010d7       0x7a src/main.o

.debug_macinfo  0x00000000   0x681eda
 *(.debug_macinfo)
 .debug_macinfo
                0x00000000    0xec8a8 src/ASF/avr32/drivers/usart/usart.o
 .debug_macinfo
                0x000ec8a8    0xefae5 src/ASF/common/services/clock/uc3a0_a1/sysclk.o
 .debug_macinfo
                0x001dc38d    0xeeb50 src/ASF/avr32/boards/evk1100/init.o
 .debug_macinfo
                0x002caedd    0xedf38 src/ASF/avr32/boards/evk1100/led.o
 .debug_macinfo
                0x003b8e15    0xec695 src/ASF/avr32/drivers/gpio/gpio.o
 .debug_macinfo
                0x004a54aa    0xec742 src/ASF/avr32/drivers/intc/intc.o
 .debug_macinfo
                0x00591bec    0xf02ee src/main.o

.debug_weaknames
 *(.debug_weaknames)

.debug_funcnames
 *(.debug_funcnames)

.debug_typenames
 *(.debug_typenames)

.debug_varnames
 *(.debug_varnames)

.stack          0x0000f000     0x1000
                0x0000f000                _stack = .
 *(.stack)
                0x00001000                . = __stack_size__
 *fill*         0x0000f000     0x1000 
                0x00010000                _estack = .

.userpage
 *(.userpage .userpage.*)

/DISCARD/
 *(.note.GNU-stack)
OUTPUT(Task1.elf elf32-avr32)

.debug_ranges   0x00000000      0x328
 .debug_ranges  0x00000000       0xd8 src/ASF/avr32/drivers/usart/usart.o
 .debug_ranges  0x000000d8       0x48 src/ASF/common/services/clock/uc3a0_a1/sysclk.o
 .debug_ranges  0x00000120       0x18 src/ASF/avr32/boards/evk1100/init.o
 .debug_ranges  0x00000138       0x70 src/ASF/avr32/boards/evk1100/led.o
 .debug_ranges  0x000001a8       0xf8 src/ASF/avr32/drivers/gpio/gpio.o
 .debug_ranges  0x000002a0       0x48 src/ASF/avr32/drivers/intc/intc.o
 .debug_ranges  0x000002e8       0x20 src/ASF/avr32/utils/startup/startup_uc3.o
 .debug_ranges  0x00000308       0x20 src/main.o
